LTspice 26.0.1 for Windows
Circuit: C:\Users\USER\Documents\GitHub\Smoke_Detector_Perceptrons\Assembly_realtime_ new.net
Start Time: Sat Sep  5 08:16:50 2026
solver = Normal
Maximum thread count: 12
tnom = 27
temp = 27
method = trap
Model "nmos": Oxide thickness thinner than recommended for a level 3 MOSFET.
Model "pmos": Oxide thickness thinner than recommended for a level 3 MOSFET.
Model "pmos": Oxide thickness thinner than recommended for a level 3 MOSFET.
Model "nmos": Oxide thickness thinner than recommended for a level 3 MOSFET.
Model "pmos": Oxide thickness thinner than recommended for a level 3 MOSFET.
Model "nmos": Oxide thickness thinner than recommended for a level 3 MOSFET.
C8: Increased Cpar to 1e-17
C9: Increased Cpar to 1e-13
C10: Increased Cpar to 1e-13
Instance "m1:M2": Length shorter than recommended for a level 3 MOSFET.
Instance "m5:M2": Length shorter than recommended for a level 3 MOSFET.
Instance "m6:M1": Length shorter than recommended for a level 3 MOSFET.
Instance "m5:M1": Length shorter than recommended for a level 3 MOSFET.
Instance "m6:M2": Length shorter than recommended for a level 3 MOSFET.
Instance "m7:M1": Length shorter than recommended for a level 3 MOSFET.
Instance "m7:M2": Length shorter than recommended for a level 3 MOSFET.
Instance "m2:M2": Length shorter than recommended for a level 3 MOSFET.
Instance "m3:M2": Length shorter than recommended for a level 3 MOSFET.
Instance "m4:M2": Length shorter than recommended for a level 3 MOSFET.
Instance "m8:M2": Length shorter than recommended for a level 3 MOSFET.
Instance "m9:M2": Length shorter than recommended for a level 3 MOSFET.
Direct Newton iteration failed to find operating point.
Starting Gmin stepping
Gmin stepping succeeded in finding the operating point.

Total elapsed time: 127.595 seconds.

Files loaded:
C:\Users\USER\Documents\GitHub\Smoke_Detector_Perceptrons\Assembly_realtime_ new.net
C:\Users\USER\AppData\Local\LTspice\lib\cmp\standard.dio
C:\Users\USER\AppData\Local\LTspice\lib\cmp\standard.bjt
C:\Users\USER\Documents\GitHub\Smoke_Detector_Perceptrons\AO3400.mod
C:\Users\USER\Documents\GitHub\Smoke_Detector_Perceptrons\tlv9062.lib
C:\Users\USER\Documents\GitHub\Smoke_Detector_Perceptrons\si2301cds_ps Rev B.lib
C:\Users\USER\Documents\GitHub\Smoke_Detector_Perceptrons\tlv7031.lib
C:\Users\USER\Documents\GitHub\Smoke_Detector_Perceptrons\AO3401A.mod
C:\Users\USER\Documents\GitHub\Smoke_Detector_Perceptrons\74hc_lib.lib
C:\Users\USER\AppData\Local\LTspice\lib\sub\LT1763.lib
C:\Users\USER\AppData\Local\LTspice\lib\sub\LTC5.lib
C:\Users\USER\AppData\Local\LTspice\lib\sub\NE555.sub
C:\Users\USER\AppData\Local\LTspice\lib\sub\TLV431.sub

