LTspice 26.0.1 for Windows
Circuit: C:\Users\USER\Documents\GitHub\Smoke_Detector_Perceptrons\Assembly_oscupdatedV5.net
Start Time: Wed Sep  9 20:24:27 2026
solver = Normal
Maximum thread count: 12
tnom = 27
temp = 27
method = trap
Model "nmos": Oxide thickness thinner than recommended for a level 3 MOSFET.
Model "pmos": Oxide thickness thinner than recommended for a level 3 MOSFET.
Model "nmos": Oxide thickness thinner than recommended for a level 3 MOSFET.
Model "pmos": Oxide thickness thinner than recommended for a level 3 MOSFET.
Model "pmos": Oxide thickness thinner than recommended for a level 3 MOSFET.
Model "nmos": Oxide thickness thinner than recommended for a level 3 MOSFET.
C8: Increased Cpar to 1e-17
C9: Increased Cpar to 1e-13
C10: Increased Cpar to 1e-13
C18: Increased Cpar to 1e-11
C19: Increased Cpar to 1e-13
C20: Increased Cpar to 1e-13
C21: Increased Cpar to 4.7e-12
C22: Increased Cpar to 1e-13
C23: Increased Cpar to 1e-13
Instance "m7:M2": Length shorter than recommended for a level 3 MOSFET.
Instance "m6:M1": Length shorter than recommended for a level 3 MOSFET.
Instance "m6:M2": Length shorter than recommended for a level 3 MOSFET.
Instance "m7:M1": Length shorter than recommended for a level 3 MOSFET.
Instance "m5:M1": Length shorter than recommended for a level 3 MOSFET.
Instance "m1:M2": Length shorter than recommended for a level 3 MOSFET.
Instance "m5:M2": Length shorter than recommended for a level 3 MOSFET.
Instance "m2:M2": Length shorter than recommended for a level 3 MOSFET.
Instance "m4:M2": Length shorter than recommended for a level 3 MOSFET.
Instance "m8:M2": Length shorter than recommended for a level 3 MOSFET.
Instance "m9:M2": Length shorter than recommended for a level 3 MOSFET.
Instance "m3:M2": Length shorter than recommended for a level 3 MOSFET.
Direct Newton iteration failed to find operating point.
Starting Gmin stepping
Gmin stepping succeeded in finding the operating point.

Warning: Simulation tolerance relaxed to achieve convergence from 2.0728454810224518e-05 to 2.0728454810225517e-05 seconds.
Warning: Simulation tolerance relaxed to achieve convergence from 2.0728454810225517e-05 to 2.0728454810226517e-05 seconds.
Warning: Simulation tolerance relaxed to achieve convergence from 2.0728454810226517e-05 to 2.0728454810227516e-05 seconds.
Warning: Simulation tolerance relaxed to achieve convergence from 2.0728454810227516e-05 to 2.0728454810228516e-05 seconds.
Warning: Simulation tolerance relaxed to achieve convergence from 2.0728454810228516e-05 to 2.0728454810229515e-05 seconds.
Warning: Simulation tolerance relaxed to achieve convergence from 2.0728454810229515e-05 