LTspice 26.0.1 for Windows
Circuit: C:\Users\USER\Documents\GitHub\Smoke_Detector_Perceptrons\Assembly_realtime.net
Start Time: Sat Sep  5 08:04:14 2026
solver = Normal
Maximum thread count: 12
tnom = 27
temp = 27
method = trap
Model "pmos": Oxide thickness thinner than recommended for a level 3 MOSFET.
Model "nmos": Oxide thickness thinner than recommended for a level 3 MOSFET.
Model "pmos": Oxide thickness thinner than recommended for a level 3 MOSFET.
Model "nmos": Oxide thickness thinner than recommended for a level 3 MOSFET.
Model "pmos": Oxide thickness thinner than recommended for a level 3 MOSFET.
Model "nmos": Oxide thickness thinner than recommended for a level 3 MOSFET.
C8: Increased Cpar to 1e-17
C9: Increased Cpar to 1e-13
C10: Increased Cpar to 1e-13
Instance "m5:M1": Length shorter than recommended for a level 3 MOSFET.
Instance "m5:M2": Length shorter than recommended for a level 3 MOSFET.
Instance "m1:M2": Length shorter than recommended for a level 3 MOSFET.
Instance "m6:M1": Length shorter than recommended for a level 3 MOSFET.
Instance "m6:M2": Length shorter than recommended for a level 3 MOSFET.
Instance "m7:M1": Length shorter than recommended for a level 3 MOSFET.
Instance "m7:M2": Length shorter than recommended for a level 3 MOSFET.
Instance "m2:M2": Length shorter than recommended for a level 3 MOSFET.
Instance "m3:M2": Length shorter than recommended for a level 3 MOSFET.
Instance "m4:M2": Length shorter than recommended for a level 3 MOSFET.
Instance "m8:M2": Length shorter than recommended for a level 3 MOSFET.
Direct Newton iteration failed to find operating point.
Starting Gmin stepping
Gmin stepping succeeded in finding the operating point.

Warning: Simulation tolerance relaxed to achieve convergence from 7.0666684594396674e-06 to 7.0666684594406677e-06 seconds.
Warning: Simulation tolerance relaxed to achieve convergence from 7.0666684594406677e-06 to 7.0666684594416680e-06 seconds.
Warning: Simulation tolerance relaxed to achieve convergence from 7.0666684594416680e-06 to 7.0666684594426684e-06 seconds.
Warning: Simulation tolerance relaxed to achieve convergence from 7.0666684594426684e-06 to 7.0666684594436687e-06 seconds.
Warning: Simulation tolerance relaxed to achieve convergence from 7.0666684594446691e-06 to 7.0666684594456694e-06 seconds.
Warning: Simulation tolerance relaxed to achieve convergence from 7.0666684594456694e-06 to 7.0666684594466698e-06 seconds.
Warning: Simulation tolerance relaxed to achieve convergence from 7.0666684594466698e-06 to 7.0666684594476701e-06 seconds.
Warning: Simulation tolerance relaxed to achieve convergence from 7.0666684594476701e-06 to 7.0666684594486705e-06 seconds.
Warning: Simulation tolerance relaxed to achieve convergence from 7.0666684594626702e-06 to 7.0666684594636706e-06 seconds.
Warning: Simulation tolerance relaxed to achieve convergence from 7.0666684594676711e-06 to 7.0666684594686715e-06 seconds.
Warning: Simulation tolerance relaxed to achieve convergence from 7.0666684594916709e-06 to 7.0666684594926713e-06 seconds.
Warning: Simulation tolerance relaxed to achieve convergence from 7.0666684594996720e-06 to 7.0666684595006724e-06 seconds.
Warning: Simulation tolerance relaxed to achieve convergence from 7.0666684595146721e-06 to 7.0666684595156725e-06 seconds.
Warning: Simulation tolerance relaxed to achieve convergence from 7.0666684595176732e-06 to 7.0666684595186735e-06 seconds.
Warning: Simulation tolerance relaxed to achieve convergence from 7.0666684595216737e-06 to 7.0666684595226740e-06 seconds.
Warning: Simulation tolerance relaxed to achieve convergence from 7.0666684595296739e-06 to 7.0666684595306743e-06 seconds.
Warning: Simulation tolerance relaxed to achieve convergence from 7.0666684595306743e-06 to 7.0666684595316746e-06 seconds.
Warning: Simulation tolerance relaxed to achieve convergence from 7.0666684595406743e-06 to 7.0666684595416747e-06 seconds.
Warning: Simulation tolerance relaxed to achieve convergence from 7.0666684595486746e-06 to 7.0666684595496749e-06 seconds.
Warning: Simulation tolerance relaxed to achieve convergence from 7.0666684595506753e-06 to 7.0666684595516756e-06 seconds.
Warning: Simulation tolerance relaxed to achieve convergence from 7.0666684595526759e-06 to 7.0666684595536763e-06 seconds.
Warning: Simulation tolerance relaxed to achieve convergence from 7.0666684595556770e-06 to 7.0666684595566773e-06 seconds.
Warning: Simulation tolerance relaxed to achieve convergence from 7.0666684595566773e-06 to 7.0666684595576777e-06 seconds.
Warning: Simulation tolerance relaxed to achieve convergence from 7.0666684595576777e-06 to 7.0666684595586780e-06 seconds.
Warning: Simulation tolerance relaxed to achieve convergence from 7.0666684595586780e-06 to 7.0666684595596784e-06 seconds.
Warning: Simulation tolerance relaxed to achieve convergence from 7.0666684595626786e-06 to 7.0666684595636789e-06 seconds.
Warning: Simulation tolerance relaxed to achieve convergence from 7.0666684595636789e-06 to 7.0666684595646792e-06 seconds.
Warning: Simulation tolerance relaxed to achieve convergence from 7.0666684595866792e-06 to 7.0666684595876796e-06 seconds.
Warning: Simulation tolerance relaxed to achieve convergence from 7.0666684595876796e-06 to 7.0666684595886799e-06 seconds.
Warning: Simulation tolerance relaxed to achieve convergence from 7.0666684595896803e-06 to 7.0666684595906806e-06 seconds.
Warning: Simulation tolerance relaxed to achieve convergence from 7.0666684595906806e-06 to 7.0666684595916810e-06 seconds.
Total elapsed time: 170.622 seconds.

Files loaded:
C:\Users\USER\Documents\GitHub\Smoke_Detector_Perceptrons\Assembly_realtime.net
C:\Users\USER\AppData\Local\LTspice\lib\cmp\standard.dio
C:\Users\USER\AppData\Local\LTspice\lib\cmp\standard.bjt
C:\Users\USER\Documents\GitHub\Smoke_Detector_Perceptrons\AO3400.mod
C:\Users\USER\Documents\GitHub\Smoke_Detector_Perceptrons\tlv9062.lib
C:\Users\USER\Documents\GitHub\Smoke_Detector_Perceptrons\si2301cds_ps Rev B.lib
C:\Users\USER\Documents\GitHub\Smoke_Detector_Perceptrons\tlv7031.lib
C:\Users\USER\Documents\GitHub\Smoke_Detector_Perceptrons\AO3401A.mod
C:\Users\USER\Documents\GitHub\Smoke_Detector_Perceptrons\74hc_lib.lib
C:\Users\USER\AppData\Local\LTspice\lib\sub\LT1763.lib
C:\Users\USER\AppData\Local\LTspice\lib\sub\LTC5.lib
C:\Users\USER\AppData\Local\LTspice\lib\sub\NE555.sub
C:\Users\USER\AppData\Local\LTspice\lib\sub\TLV431.sub

