LTspice 26.0.1 for Windows
Circuit: C:\Users\USER\Documents\GitHub\Smoke_Detector_Perceptrons\Assembly_realtime_ newlogicV4.net
Start Time: Wed Sep  9 10:45:52 2026
solver = Normal
Maximum thread count: 12
tnom = 27
temp = 27
method = trap
Model "nmos": Oxide thickness thinner than recommended for a level 3 MOSFET.
Model "pmos": Oxide thickness thinner than recommended for a level 3 MOSFET.
Model "pmos": Oxide thickness thinner than recommended for a level 3 MOSFET.
Model "nmos": Oxide thickness thinner than recommended for a level 3 MOSFET.
Model "pmos": Oxide thickness thinner than recommended for a level 3 MOSFET.
Model "nmos": Oxide thickness thinner than recommended for a level 3 MOSFET.
C8: Increased Cpar to 1e-17
C9: Increased Cpar to 1e-13
C10: Increased Cpar to 1e-13
Instance "m1:M2": Length shorter than recommended for a level 3 MOSFET.
Instance "m5:M2": Length shorter than recommended for a level 3 MOSFET.
Instance "m6:M1": Length shorter than recommended for a level 3 MOSFET.
Instance "m5:M1": Length shorter than recommended for a level 3 MOSFET.
Instance "m6:M2": Length shorter than recommended for a level 3 MOSFET.
Instance "m7:M1": Length shorter than recommended for a level 3 MOSFET.
Instance "m7:M2": Length shorter than recommended for a level 3 MOSFET.
Instance "m2:M2": Length shorter than recommended for a level 3 MOSFET.
Instance "m3:M2": Length shorter than recommended for a level 3 MOSFET.
Instance "m4:M2": Length shorter than recommended for a level 3 MOSFET.
Instance "m8:M2": Length shorter than recommended for a level 3 MOSFET.
Instance "m9:M2": Length shorter than recommended for a level 3 MOSFET.
Direct Newton iteration failed to find operating point.
Starting Gmin stepping
Gmin stepping succeeded in finding the operating point.

Warning: Simulation tolerance relaxed to achieve convergence from 5.3000019317970720e-06 to 5.3000019317980723e-06 seconds.
Warning: Simulation tolerance relaxed to achieve convergence from 5.3000019317980723e-06 to 5.3000019317990727e-06 seconds.
Warning: Simulation tolerance relaxed to achieve convergence from 5.3000019318010725e-06 to 5.3000019318020729e-06 seconds.
Warning: Simulation tolerance relaxed to achieve convergence from 5.3000019318020729e-06 to 5.3000019318030732e-06 seconds.
Warning: Simulation tolerance relaxed to achieve convergence from 5.3000019318200731e-06 to 5.3000019318210735e-06 seconds.
Warning: Simulation tolerance relaxed to achieve convergence from 5.3000019318310736e-06 to 5.3000019318320739e-06 seconds.
Warning: Simulation tolerance relaxed to achieve convergence from 5.3000019318320739e-06 to 5.3000019318330743e-06 seconds.
Warning: Simulation tolerance relaxed to achieve convergence from 5.3000019318330743e-06 to 5.3000019318340746e-06 seconds.
Warning: Simulation tolerance relaxed to achieve convergence from 5.3000019318370748e-06 to 5.3000019318380751e-06 seconds.
Warning: Simulation tolerance relaxed to achieve convergence from 5.3000019318380751e-06 to 5.3000019318390755e-06 seconds.
Warning: Simulation tolerance relaxed to achieve convergence from 5.3000019318470757e-06 to 5.3000019318480761e-06 seconds.
Warning: Simulation tolerance relaxed to achieve convergence from 5.3000019318550768e-06 to 5.3000019318560771e-06 seconds.
Warning: Simulation tolerance relaxed to achieve convergence from 5.3000019318720776e-06 to 5.3000019318730779e-06 seconds.
Warning: Simulation tolerance relaxed to achieve convergence from 5.3000019319100789e-06 