LTspice 26.0.2 for Windows
Circuit: C:\Users\shars\Documents\GitHub\Smoke_Detector_Perceptrons\Assembly.net
Start Time: Mon Aug 31 17:34:25 2026
solver = Normal
Maximum thread count: 16
tnom = 27
temp = 27
method = Gear
Model "pmos": Oxide thickness thinner than recommended for a level 3 MOSFET.
Model "nmos": Oxide thickness thinner than recommended for a level 3 MOSFET.
Model "pmos": Oxide thickness thinner than recommended for a level 3 MOSFET.
Model "nmos": Oxide thickness thinner than recommended for a level 3 MOSFET.
Model "pmos": Oxide thickness thinner than recommended for a level 3 MOSFET.
Model "nmos": Oxide thickness thinner than recommended for a level 3 MOSFET.
C8: Increased Cpar to 1e-17
C9: Increased Cpar to 1e-13
C13: Increased Cpar to 1e-13
C14: Increased Cpar to 4.7e-17
Instance "m5:M1": Length shorter than recommended for a level 3 MOSFET.
Instance "m5:M2": Length shorter than recommended for a level 3 MOSFET.
Instance "m1:M2": Length shorter than recommended for a level 3 MOSFET.
Instance "m6:M1": Length shorter than recommended for a level 3 MOSFET.
Instance "m6:M2": Length shorter than recommended for a level 3 MOSFET.
Instance "m7:M1": Length shorter than recommended for a level 3 MOSFET.
Instance "m7:M2": Length shorter than recommended for a level 3 MOSFET.
Direct Newton iteration failed to find operating point.
Starting Gmin stepping
Gmin stepping failed to find operating point. Use".option gminsteps=0" to skip all Gmin stepping.
Starting source stepping with srcstepmethod=0
Starting source stepping with srcstepmethod=1
Source stepping failed to find operating point. Use ".options srcsteps=0" to skip all source stepping.
Starting Gmin stepping level 2
Gmin stepping level 2 failed to find operating point. Use".option gminsteps=0" to skip all Gmin stepping.
Starting source stepping with srcstepmethod=1, level 2
Source stepping level 2 succeeded in finding the operating point.

Total elapsed time: 13.175 seconds.

Files loaded:
C:\Users\shars\Documents\GitHub\Smoke_Detector_Perceptrons\Assembly.net
C:\Users\shars\AppData\Local\LTspice\lib\cmp\standard.dio
C:\Users\shars\AppData\Local\LTspice\lib\cmp\standard.bjt
C:\Users\shars\Documents\GitHub\Smoke_Detector_Perceptrons\AO3400.mod
C:\Users\shars\Documents\GitHub\Smoke_Detector_Perceptrons\tlv9062.lib
C:\Users\shars\Documents\GitHub\Smoke_Detector_Perceptrons\si2301cds_ps Rev B.lib
C:\Users\shars\Documents\GitHub\Smoke_Detector_Perceptrons\tlv7031.lib
C:\Users\shars\AppData\Local\LTspice\lib\sub\LT1763.lib
C:\Users\shars\AppData\Local\LTspice\lib\sub\LTC5.lib
C:\Users\shars\AppData\Local\LTspice\lib\sub\NE555.sub
C:\Users\shars\AppData\Local\LTspice\lib\sub\TLV431.sub

