LTspice 26.0.1 for Windows
Circuit: C:\Users\USER\Documents\GitHub\Smoke_Detector_Perceptrons\Assembly_logic_update.net
Start Time: Fri Sep 18 21:30:21 2026
Options:reltol=0.01
C:\Users\USER\Documents\GitHub\Smoke_Detector_Perceptrons\Assembly_logic_update.net(116): This pin name equals one of the port names of the sub-circuit, but at a different position. This is not a problem, but note that as a result none of the pin names may be used by any .meas expressions.
X§U9 N020 N048 0 T2N7002AK_G0_00 ;§pnba 3)1)2
                                        ^
solver = Alternate
Maximum thread count: 12
tnom = 27
temp = 27
method = trap
reltol = 0.01
C7: Increased Cpar to 1e-17
C2: Increased Cpar to 1e-13
C3: Increased Cpar to 1e-13
C4: Increased Cpar to 1e-12
C5: Increased Cpar to 1e-13
C6: Increased Cpar to 1e-13
C8: Increased Cpar to 1e-13
C13: Increased Cpar to 1e-13
C15: Increased Cpar to 1e-13
C17: Increased Cpar to 4.7e-10
C19: Increased Cpar to 4.7e-11
C20: Increased Cpar to 2.2e-13
Instance "m2:M2": Length shorter than recommended for a level 3 MOSFET.
Instance "m1:M2": Length shorter than recommended for a level 3 MOSFET.
Instance "m4:M2": Length shorter than recommended for a level 3 MOSFET.
Instance "m5:M2": Length shorter than recommended for a level 3 MOSFET.
Per .tran options, skipping operating point for transient analysis.
Changing Tseed to 1.51111e-09
Changing Tseed to 1.51111e-11
Changing Tseed to 1.51111e-08
Changing Tseed to 1.51111e-12
Changing Tseed to 1.51111e-07
Changing Tseed to 1.51111e-13
Changing Tseed to 1.51111e-06
Changing Tseed to 1.51111e-14
Changing Tseed to 1.51111e-05
Changing Tseed to 1.51111e-15
Changing Tseed to 0.000151111
Changing Tseed to 1.51111e-16
Changing Tseed to 1e-17
Changing Tseed to 1e-19
Changing Tseed to 1e-16
Changing Tseed to 1e-20
Changing Tseed to 1e-15
Changing Tseed to 1e-21
Changing Tseed to 1e-14
Changing Tseed to 1e-22
Changing Tseed to 1e-13
Changing Tseed to 1e-23
Changing Tseed to 1e-12
Changing Tseed to 1e-24
Warning: Simulation tolerance relaxed to achieve convergence from 0.0000000000000000e+00 Changing Tseed to 1e-17
Changing Tseed to 1e-19
Changing Tseed to 1e-16
Changing Tseed to 1e-20
Changing Tseed to 1e-15
Changing Tseed to 1e-21
Changing Tseed to 1e-14
Changing Tseed to 1e-22
Changing Tseed to 1e-13
Changing Tseed to 1e-23
Changing Tseed to 1e-12
Changing Tseed to 1e-24
Changing Tseed to 1e-17
Changing Tseed to 1e-19
Changing Tseed to 1e-16
Changing Tseed to 1e-20
Changing Tseed to 1e-15
Changing Tseed to 1e-21
Changing Tseed to 1e-14
Changing Tseed to 1e-22
Changing Tseed to 1e-13
Changing Tseed to 1e-23
Changing Tseed to 1e-12
Changing Tseed to 1e-24
Changing Tseed to 1e-17
Changing Tseed to 1e-19
Changing Tseed to 1e-16
Changing Tseed to 1e-20
Changing Tseed to 1e-15
Changing Tseed to 1e-21
Changing Tseed to 1e-14
Changing Tseed to 1e-22
Changing Tseed to 1e-13
Changing Tseed to 1e-23
Changing Tseed to 1e-12
Changing Tseed to 1e-24
Changing Tseed to 1e-17
Changing Tseed to 1e-19
Changing Tseed to 1e-16
Changing Tseed to 1e-20
Changing Tseed to 1e-15
Changing Tseed to 1e-21
Changing Tseed to 1e-14
Changing Tseed to 1e-22
Changing Tseed to 1e-13
Changing Tseed to 1e-23
Changing Tseed to 1e-12
Changing Tseed to 1e-24
Changing Tseed to 1e-17
Changing Tseed to 1e-19
Changing Tseed to 1e-16
Changing Tseed to 1e-20
Changing Tseed to 1e-15
Changing Tseed to 1e-21
Changing Tseed to 1e-14
Changing Tseed to 1e-22
Changing Tseed to 1e-13
Changing Tseed to 1e-23
Changing Tseed to 1e-12
Changing Tseed to 1e-24
Changing Tseed to 1e-17
Changing Tseed to 1e-19
Changing Tseed to 1e-16
Changing Tseed to 1e-20
Changing Tseed to 1e-15
Changing Tseed to 1e-21
Changing Tseed to 1e-14
Changing Tseed to 1e-22
Changing Tseed to 1e-13
Changing Tseed to 1e-23
Changing Tseed to 1e-12
Changing Tseed to 1e-24
Changing Tseed to 1e-17
Changing Tseed to 1e-19
Changing Tseed to 1e-16
Changing Tseed to 1e-20
Changing Tseed to 1e-15
Changing Tseed to 1e-21
Changing Tseed to 1e-14
Changing Tseed to 1e-22
Changing Tseed to 1e-13
Changing Tseed to 1e-23
Changing Tseed to 1e-12
Changing Tseed to 1e-24
Changing Tseed to 1e-17
Changing Tseed to 1e-19
Changing Tseed to 1e-16
Changing Tseed to 1e-20
Changing Tseed to 1e-15
Changing Tseed to 1e-21
Changing Tseed to 1e-14
Changing Tseed to 1e-22
Changing Tseed to 1e-13
Changing Tseed to 1e-23
Changing Tseed to 1e-12
Changing Tseed to 1e-24
Changing Tseed to 1e-17
Changing Tseed to 1e-19
Changing Tseed to 1e-16
Changing Tseed to 1e-20
Changing Tseed to 1e-15
Changing Tseed to 1e-21
Changing Tseed to 1e-14
Changing Tseed to 1e-22
Changing Tseed to 1e-13
Changing Tseed to 1e-23
Changing Tseed to 1e-12
Changing Tseed to 1e-24
Changing Tseed to 1e-17
Changing Tseed to 1e-19
Changing Tseed to 1e-16
Changing Tseed to 1e-20
Changing Tseed to 1e-15
Changing Tseed to 1e-21
Changing Tseed to 1e-14
Changing Tseed to 1e-22
Changing Tseed to 1e-13
Changing Tseed to 1e-23
Changing Tseed to 1e-12
Changing Tseed to 1e-24
Changing Tseed to 1e-17
Changing Tseed to 1e-19
Changing Tseed to 1e-16
Changing Tseed to 1e-20
Changing Tseed to 1e-15
Changing Tseed to 1e-21
Changing Tseed to 1e-14
Changing Tseed to 1e-22
Changing Tseed to 1e-13
Changing Tseed to 1e-23
Changing Tseed to 1e-12
Changing Tseed to 1e-24
Changing Tseed to 1e-17
Changing Tseed to 1e-19
Changing Tseed to 1e-16
Changing Tseed to 1e-20
Changing Tseed to 1e-15
Changing Tseed to 1e-21
Changing Tseed to 1e-14
Changing Tseed to 1e-22
Changing Tseed to 1e-13
Changing Tseed to 1e-23
Changing Tseed to 1e-12
Changing Tseed to 1e-24
Changing Tseed to 1e-17
Changing Tseed to 1e-19
Changing Tseed to 1e-16
Changing Tseed to 1e-20
Changing Tseed to 1e-15
Changing Tseed to 1e-21
Changing Tseed to 1e-14
Changing Tseed to 1e-22
Changing Tseed to 1e-13
Changing Tseed to 1e-23
Changing Tseed to 1e-12
Changing Tseed to 1e-24
Changing Tseed to 1e-17
Changing Tseed to 1e-19
Changing Tseed to 1e-16
Changing Tseed to 1e-20
Changing Tseed to 1e-15
Changing Tseed to 1e-21
Changing Tseed to 1e-14
Changing Tseed to 1e-22
Changing Tseed to 1e-13
Changing Tseed to 1e-23
Changing Tseed to 1e-12
Changing Tseed to 1e-24
Changing Tseed to 1e-17
Changing Tseed to 1e-19
Changing Tseed to 1e-16
Changing Tseed to 1e-20
Changing Tseed to 1e-15
Changing Tseed to 1e-21
Changing Tseed to 1e-14
Changing Tseed to 1e-22
Changing Tseed to 1e-13
Changing Tseed to 1e-23
Changing Tseed to 1e-12
Changing Tseed to 1e-24
Changing Tseed to 1e-17
Changing Tseed to 1e-19
Changing Tseed to 1e-16
Changing Tseed to 1e-20
Changing Tseed to 1e-15
Changing Tseed to 1e-21
Changing Tseed to 1e-14
Changing Tseed to 1e-22
Changing Tseed to 1e-13
Changing Tseed to 1e-23
Changing Tseed to 1e-12
Changing Tseed to 1e-24
Changing Tseed to 1e-17
Changing Tseed to 1e-19
Changing Tseed to 1e-16
Changing Tseed to 1e-20
Changing Tseed to 1e-15
Changing Tseed to 1e-21
Changing Tseed to 1e-14
Changing Tseed to 1e-22
Changing Tseed to 1e-13
Changing Tseed to 1e-23
Changing Tseed to 1e-12
Changing Tseed to 1e-24
to 2.0000000000000001e-18 seconds.
Total elapsed time: 119.174 seconds.

Files loaded:
C:\Users\USER\Documents\GitHub\Smoke_Detector_Perceptrons\Assembly_logic_update.net
C:\Users\USER\AppData\Local\LTspice\lib\cmp\standard.dio
C:\Users\USER\AppData\Local\LTspice\lib\cmp\standard.bjt
C:\Users\USER\Documents\GitHub\Smoke_Detector_Perceptrons\AO3400.mod
C:\Users\USER\Documents\GitHub\Smoke_Detector_Perceptrons\AO3401A.mod
C:\Users\USER\Documents\GitHub\Smoke_Detector_Perceptrons\tlv9062.lib
C:\Users\USER\Documents\GitHub\Smoke_Detector_Perceptrons\74hc_lib.lib
C:\Users\USER\Documents\GitHub\Smoke_Detector_Perceptrons\si2301cds_ps Rev B.lib
C:\Users\USER\Documents\GitHub\Smoke_Detector_Perceptrons\IRF4905.spi
C:\Users\USER\AppData\Local\LTspice\lib\sub\Contrib\Toshiba\LVMOS\T2N7002AK_G0_00_enc.lib
C:\Users\USER\AppData\Local\LTspice\lib\sub\LT1763.lib
C:\Users\USER\AppData\Local\LTspice\lib\sub\LTC5.lib
C:\Users\USER\AppData\Local\LTspice\lib\sub\NE555.sub

