LTspice 26.0.1 for Windows
Circuit: C:\Users\USER\Documents\GitHub\Smoke_Detector_Perceptrons\Assembly_final.net
Start Time: Thu Sep 10 10:39:44 2026
solver = Normal
Maximum thread count: 12
tnom = 27
temp = 27
method = trap
Model "pmos": Oxide thickness thinner than recommended for a level 3 MOSFET.
Model "nmos": Oxide thickness thinner than recommended for a level 3 MOSFET.
Model "pmos": Oxide thickness thinner than recommended for a level 3 MOSFET.
Model "nmos": Oxide thickness thinner than recommended for a level 3 MOSFET.
Model "pmos": Oxide thickness thinner than recommended for a level 3 MOSFET.
Model "nmos": Oxide thickness thinner than recommended for a level 3 MOSFET.
C8: Increased Cpar to 1e-17
C9: Increased Cpar to 1e-13
C10: Increased Cpar to 1e-13
C18: Increased Cpar to 1e-11
C19: Increased Cpar to 1e-13
C20: Increased Cpar to 1e-13
C21: Increased Cpar to 4.7e-12
C22: Increased Cpar to 1e-13
C23: Increased Cpar to 1e-13
C2: Increased Cpar to 1e-13
Instance "m7:M1": Length shorter than recommended for a level 3 MOSFET.
Instance "m7:M2": Length shorter than recommended for a level 3 MOSFET.
Instance "m5:M1": Length shorter than recommended for a level 3 MOSFET.
Instance "m5:M2": Length shorter than recommended for a level 3 MOSFET.
Instance "m6:M1": Length shorter than recommended for a level 3 MOSFET.
Instance "m6:M2": Length shorter than recommended for a level 3 MOSFET.
Instance "m4:M2": Length shorter than recommended for a level 3 MOSFET.
Instance "m8:M2": Length shorter than recommended for a level 3 MOSFET.
Instance "m9:M2": Length shorter than recommended for a level 3 MOSFET.
Instance "m3:M2": Length shorter than recommended for a level 3 MOSFET.
Instance "m1:M2": Length shorter than recommended for a level 3 MOSFET.
Instance "m2:M2": Length shorter than recommended for a level 3 MOSFET.
Direct Newton iteration failed to find operating point.
Starting Gmin stepping
Gmin stepping failed to find operating point. Use".option gminsteps=0" to skip all Gmin stepping.
Starting source stepping with srcstepmethod=0
Source stepping succeeded in finding the operating point.

Warning: Simulation tolerance relaxed to achieve convergence from 1.8061482127361622e+01 to 1.8061482127361728e+01 seconds.
Warning: Simulation tolerance relaxed to achieve convergence from 1.8061482127361728e+01 to 1.8061482127361835e+01 seconds.
Warning: Simulation tolerance relaxed to achieve convergence from 1.8061482127361835e+01 to 1.8061482127361941e+01 seconds.
Warning: Simulation tolerance relaxed to achieve convergence from 1.8061482127361941e+01 to 1.8061482127362048e+01 seconds.
Warning: Simulation tolerance relaxed to achieve convergence from 1.8061482127362048e+01 to 1.8061482127362368e+01 seconds.
Warning: Simulation tolerance relaxed to achieve convergence from 1.8061482127362588e+01 to 1.8061482127362908e+01 seconds.
Warning: Simulation tolerance relaxed to achieve convergence from 1.8061482127363014e+01 to 1.8061482127363440e+01 seconds.
Warning: Simulation tolerance relaxed to achieve convergence from 1.8061482127363547e+01 to 1.8061482127363867e+01 seconds.
Warning: Simulation tolerance relaxed to achieve convergence from 1.8061482127363984e+01 to 1.8061482127364091e+01 seconds.
Warning: Simulation tolerance relaxed to achieve convergence from 1.8061482127364091e+01 to 1.8061482127364304e+01 seconds.
Warning: Simulation tolerance relaxed to achieve convergence from 1.8061482127364304e+01 to 1.8061482127364410e+01 seconds.
Warning: Simulation tolerance relaxed to achieve convergence from 1.8061482127364410e+01 to 1.8061482127364517e+01 seconds.
Warning: Simulation tolerance relaxed to achieve convergence from 1.8061482127364517e+01 to 1.8061482127364624e+01 seconds.
Warning: Simulation tolerance relaxed to achieve convergence from 1.8061482127364624e+01 to 1.8061482127364730e+01 seconds.
Warning: Simulation tolerance relaxed to achieve convergence from 1.8061482127364730e+01 to 1.8061482127364837e+01 seconds.
Warning: Simulation tolerance relaxed to achieve convergence from 1.8061482127364837e+01 to 1.8061482127364943e+01 seconds.
Warning: Simulation tolerance relaxed to achieve convergence from 1.8061482127364943e+01 to 1.8061482127365050e+01 seconds.
Warning: Simulation tolerance relaxed to achieve convergence from 1.8061482127365050e+01 to 1.8061482127365156e+01 seconds.
Warning: Simulation tolerance relaxed to achieve convergence from 1.8061482127365156e+01 to 1.8061482127365263e+01 seconds.
Warning: Simulation tolerance relaxed to achieve convergence from 1.8061482127365263e+01 to 1.8061482127365370e+01 seconds.
Warning: Simulation tolerance relaxed to achieve convergence from 1.8061482127365370e+01 to 1.8061482127365476e+01 seconds.
Warning: Simulation tolerance relaxed to achieve convergence from 1.8061482127365476e+01 to 1.8061482127365583e+01 seconds.
Warning: Simulation tolerance relaxed to achieve convergence from 1.8061482127365583e+01 to 1.8061482127365689e+01 seconds.
Warning: Simulation tolerance relaxed to achieve convergence from 1.8061482127365689e+01 to 1.8061482127365796e+01 seconds.
Warning: Simulation tolerance relaxed to achieve convergence from 1.8061482127365796e+01 to 1.8061482127365903e+01 seconds.
Warning: Simulation tolerance relaxed to achieve convergence from 1.8061482127365903e+01 to 1.8061482127366009e+01 seconds.
Warning: Simulation tolerance relaxed to achieve convergence from 1.8061482127366009e+01 to 1.8061482127366116e+01 seconds.
Warning: Simulation tolerance relaxed to achieve convergence from 1.8061482127366116e+01 to 1.8061482127366222e+01 seconds.
Warning: Simulation tolerance relaxed to achieve convergence from 1.8061482127366222e+01 to 1.8061482127366329e+01 seconds.
Warning: Simulation tolerance relaxed to achieve convergence from 1.8061482127366329e+01 to 1.8061482127366435e+01 seconds.
Warning: Simulation tolerance relaxed to achieve convergence from 1.8061482127366435e+01 to 1.8061482127366542e+01 seconds.
Warning: Simulation tolerance relaxed to achieve convergence from 1.8061482127366542e+01 to 1.8061482127366649e+01 seconds.
Warning: Simulation tolerance relaxed to achieve convergence from 1.8061482127366649e+01 to 1.8061482127366755e+01 seconds.
Warning: Simulation tolerance relaxed to achieve convergence from 1.8061482127366755e+01 to 1.8061482127366862e+01 seconds.
Warning: Simulation tolerance relaxed to achieve convergence from 1.8061482127366862e+01 to 1.8061482127366968e+01 seconds.
Warning: Simulation tolerance relaxed to achieve convergence from 1.8061482127366968e+01 to 1.8061482127367075e+01 seconds.
Warning: Simulation tolerance relaxed to achieve convergence from 1.8061482127367075e+01 to 1.8061482127367182e+01 seconds.
Warning: Simulation tolerance relaxed to achieve convergence from 1.8061482127367182e+01 to 1.8061482127367288e+01 seconds.
Warning: Simulation tolerance relaxed to achieve convergence from 1.8061482127367288e+01 to 1.8061482127367395e+01 seconds.
Warning: Simulation tolerance relaxed to achieve convergence from 1.8061482127367395e+01 to 1.8061482127367501e+01 seconds.
Warning: Simulation tolerance relaxed to achieve convergence from 1.8061482127367501e+01 to 1.8061482127367608e+01 seconds.
Warning: Simulation tolerance relaxed to achieve convergence from 1.8061482127367608e+01 to 1.8061482127367714e+01 seconds.
Warning: Simulation tolerance relaxed to achieve convergence from 1.8061482127367714e+01 to 1.8061482127367821e+01 seconds.
Warning: Simulation tolerance relaxed to achieve convergence from 1.8061482127367821e+01 to 1.8061482127367928e+01 seconds.
Warning: Simulation tolerance relaxed to achieve convergence from 1.8061482127367928e+01 to 1.8061482127368034e+01 seconds.
Warning: Simulation tolerance relaxed to achieve convergence from 1.8061482127368034e+01 to 1.8061482127368141e+01 seconds.
Warning: Simulation tolerance relaxed to achieve convergence from 1.8061482127368141e+01 to 1.8061482127368247e+01 seconds.
Warning: Simulation tolerance relaxed to achieve convergence from 1.8061482127368247e+01 to 1.8061482127368354e+01 seconds.
Warning: Simulation tolerance relaxed to achieve convergence from 1.8061482127368354e+01 to 1.8061482127368460e+01 seconds.
Warning: Simulation tolerance relaxed to achieve convergence from 1.8061482127368460e+01 to 1.8061482127368567e+01 seconds.
Warning: Simulation tolerance relaxed to achieve convergence from 1.8061482127368567e+01 to 1.8061482127368674e+01 seconds.
Warning: Simulation tolerance relaxed to achieve convergence from 1.8061482127368674e+01 to 1.8061482127368780e+01 seconds.
Warning: Simulation tolerance relaxed to achieve convergence from 1.8061482127368780e+01 to 1.8061482127368887e+01 seconds.
Warning: Simulation tolerance relaxed to achieve convergence from 1.8061482127368887e+01 to 1.8061482127368993e+01 seconds.
Warning: Simulation tolerance relaxed to achieve convergence from 1.8061482127368993e+01 to 1.8061482127369100e+01 seconds.
Warning: Simulation tolerance relaxed to achieve convergence from 1.8061482127369100e+01 to 1.8061482127369207e+01 seconds.
Warning: Simulation tolerance relaxed to achieve convergence from 1.8061482127369207e+01 to 1.8061482127369313e+01 seconds.
Warning: Simulation tolerance relaxed to achieve convergence from 1.8061482127369313e+01 to 1.8061482127369420e+01 seconds.
Warning: Simulation tolerance relaxed to achieve convergence from 1.8061482127369420e+01 to 1.8061482127369526e+01 seconds.
Warning: Simulation tolerance relaxed to achieve convergence from 1.8061482127369526e+01 to 1.8061482127369633e+01 seconds.
Warning: Simulation tolerance relaxed to achieve convergence from 1.8061482127369633e+01 to 1.8061482127369739e+01 seconds.
Warning: Simulation tolerance relaxed to achieve convergence from 1.8061482127369739e+01 to 1.8061482127369846e+01 seconds.
Warning: Simulation tolerance relaxed to achieve convergence from 1.8061482127369846e+01 to 1.8061482127369953e+01 seconds.
Warning: Simulation tolerance relaxed to achieve convergence from 1.8061482127369953e+01 to 1.8061482127370059e+01 seconds.
Warning: Simulation tolerance relaxed to achieve convergence from 1.8061482127370059e+01 to 1.8061482127370166e+01 seconds.
Warning: Simulation tolerance relaxed to achieve convergence from 1.8061482127370166e+01 to 1.8061482127370272e+01 seconds.
Warning: Simulation tolerance relaxed to achieve convergence from 1.8061482127370272e+01 to 1.8061482127370379e+01 seconds.
Warning: Simulation tolerance relaxed to achieve convergence from 1.8061482127370379e+01 to 1.8061482127370486e+01 seconds.
Warning: Simulation tolerance relaxed to achieve convergence from 1.8061482127370486e+01 to 1.8061482127370592e+01 seconds.
Warning: Simulation tolerance relaxed to achieve convergence from 1.8061482127370592e+01 to 1.8061482127370699e+01 seconds.
Warning: Simulation tolerance relaxed to achieve convergence from 1.8061482127370699e+01 to 1.8061482127370805e+01 seconds.
Warning: Simulation tolerance relaxed to achieve convergence from 1.8061482127370805e+01 to 1.8061482127370912e+01 seconds.
Warning: Simulation tolerance relaxed to achieve convergence from 1.8061482127370912e+01 to 1.8061482127371018e+01 seconds.
Warning: Simulation tolerance relaxed to achieve convergence from 1.8061482127371018e+01 to 1.8061482127371125e+01 seconds.
Warning: Simulation tolerance relaxed to achieve convergence from 1.8061482127371125e+01 to 1.8061482127371232e+01 seconds.
Warning: Simulation tolerance relaxed to achieve convergence from 1.8061482127371232e+01 to 1.8061482127371338e+01 seconds.
Warning: Simulation tolerance relaxed to achieve convergence from 1.8061482127371338e+01 to 1.8061482127371445e+01 seconds.
Warning: Simulation tolerance relaxed to achieve convergence from 1.8061482127371445e+01 to 1.8061482127371551e+01 seconds.
Warning: Simulation tolerance relaxed to achieve convergence from 1.8061482127371551e+01 to 1.8061482127371658e+01 seconds.
Warning: Simulation tolerance relaxed to achieve convergence from 1.8061482127371658e+01 to 1.8061482127371765e+01 seconds.
Warning: Simulation tolerance relaxed to achieve convergence from 1.8061482127371765e+01 to 1.8061482127371871e+01 seconds.
Warning: Simulation tolerance relaxed to achieve convergence from 1.8061482127371871e+01 to 1.8061482127371978e+01 seconds.
Warning: Simulation tolerance relaxed to achieve convergence from 1.8061482127371978e+01 to 1.8061482127372084e+01 seconds.
Warning: Simulation tolerance relaxed to achieve convergence from 1.8061482127372084e+01 to 1.8061482127372191e+01 seconds.
Warning: Simulation tolerance relaxed to achieve convergence from 1.8061482127372191e+01 to 1.8061482127372297e+01 seconds.
Warning: Simulation tolerance relaxed to achieve convergence from 1.8061482127372297e+01 to 1.8061482127372404e+01 seconds.
Warning: Simulation tolerance relaxed to achieve convergence from 1.8061482127372404e+01 to 1.8061482127372511e+01 seconds.
Warning: Simulation tolerance relaxed to achieve convergence from 1.8061482127372511e+01 to 1.8061482127372617e+01 seconds.
Warning: Simulation tolerance relaxed to achieve convergence from 1.8061482127372617e+01 to 1.8061482127372724e+01 seconds.
Warning: Simulation tolerance relaxed to achieve convergence from 1.8061482127372724e+01 to 1.8061482127372830e+01 seconds.
Warning: Simulation tolerance relaxed to achieve convergence from 1.8061482127372830e+01 to 1.8061482127372937e+01 seconds.
Warning: Simulation tolerance relaxed to achieve convergence from 1.8061482127372937e+01 to 1.8061482127373043e+01 seconds.
Warning: Simulation tolerance relaxed to achieve convergence from 1.8061482127373043e+01 to 1.8061482127373150e+01 seconds.
Warning: Simulation tolerance relaxed to achieve convergence from 1.8061482127373150e+01 to 1.8061482127373257e+01 seconds.
Warning: Simulation tolerance relaxed to achieve convergence from 1.8061482127373257e+01 to 1.8061482127373363e+01 seconds.
Warning: Simulation tolerance relaxed to achieve convergence from 1.8061482127373363e+01 to 1.8061482127373470e+01 seconds.
Warning: Simulation tolerance relaxed to achieve convergence from 1.8061482127373470e+01 to 1.8061482127373576e+01 seconds.
Warning: Simulation tolerance relaxed to achieve convergence from 1.8061482127373576e+01 to 1.8061482127373683e+01 seconds.
Warning: Simulation tolerance relaxed to achieve convergence from 1.8061482127373683e+01 to 1.8061482127373790e+01 seconds.
Warning: Simulation tolerance relaxed to achieve convergence from 1.8061482127373790e+01 to 1.8061482127373896e+01 seconds.
Warning: Simulation tolerance relaxed to achieve convergence from 1.8061482127373896e+01 to 1.8061482127374003e+01 seconds.
Warning: Simulation tolerance relaxed to achieve convergence from 1.8061482127374003e+01 to 1.8061482127374109e+01 seconds.
Warning: Simulation tolerance relaxed to achieve convergence from 1.8061482127374109e+01 to 1.8061482127374216e+01 seconds.
Warning: Simulation tolerance relaxed to achieve convergence from 1.8061482127374216e+01 to 1.8061482127374322e+01 seconds.
Warning: Simulation tolerance relaxed to achieve convergence from 1.8061482127374322e+01 to 1.8061482127374429e+01 seconds.
Warning: Simulation tolerance relaxed to achieve convergence from 1.8061482127374429e+01 to 1.8061482127374536e+01 seconds.
Warning: Simulation tolerance relaxed to achieve convergence from 1.8061482127374536e+01 to 1.8061482127374642e+01 seconds.
Warning: Simulation tolerance relaxed to achieve convergence from 1.8061482127374642e+01 to 1.8061482127374749e+01 seconds.
Warning: Simulation tolerance relaxed to achieve convergence from 1.8061482127374749e+01 to 1.8061482127374855e+01 seconds.
Warning: Simulation tolerance relaxed to achieve convergence from 1.8061482127374855e+01 to 1.8061482127374962e+01 seconds.
Warning: Simulation tolerance relaxed to achieve convergence from 1.8061482127374962e+01 to 1.8061482127375069e+01 seconds.
Warning: Simulation tolerance relaxed to achieve convergence from 1.8061482127375069e+01 to 1.8061482127375175e+01 seconds.
Warning: Simulation tolerance relaxed to achieve convergence from 1.8061482127375175e+01 to 1.8061482127375282e+01 seconds.
Warning: Simulation tolerance relaxed to achieve convergence from 1.8061482127375282e+01 to 1.8061482127375388e+01 seconds.
Warning: Simulation tolerance relaxed to achieve convergence from 1.8061482127375388e+01 to 1.8061482127375495e+01 seconds.
Warning: Simulation tolerance relaxed to achieve convergence from 1.8061482127375495e+01 to 1.8061482127375601e+01 seconds.
Warning: Simulation tolerance relaxed to achieve convergence from 1.8061482127375601e+01 to 1.8061482127375708e+01 seconds.
Warning: Simulation tolerance relaxed to achieve convergence from 1.8061482127375708e+01 to 1.8061482127375815e+01 seconds.
Warning: Simulation tolerance relaxed to achieve convergence from 1.8061482127375815e+01 to 1.8061482127375921e+01 seconds.
Warning: Simulation tolerance relaxed to achieve convergence from 1.8061482127375921e+01 to 1.8061482127376028e+01 seconds.
Warning: Simulation tolerance relaxed to achieve convergence from 1.8061482127376028e+01 to 1.8061482127376134e+01 seconds.
Warning: Simulation tolerance relaxed to achieve convergence from 1.8061482127376134e+01 to 1.8061482127376241e+01 seconds.
Warning: Simulation tolerance relaxed to achieve convergence from 1.8061482127376241e+01 to 1.8061482127376348e+01 seconds.
Warning: Simulation tolerance relaxed to achieve convergence from 1.8061482127376348e+01 to 1.8061482127376454e+01 seconds.
Warning: Simulation tolerance relaxed to achieve convergence from 1.8061482127376454e+01 to 1.8061482127376561e+01 seconds.
Warning: Simulation tolerance relaxed to achieve convergence from 1.8061482127376561e+01 to 1.8061482127376667e+01 seconds.
Warning: Simulation tolerance relaxed to achieve convergence from 1.8061482127376667e+01 to 1.8061482127376774e+01 seconds.
Warning: Simulation tolerance relaxed to achieve convergence from 1.8061482127376774e+01 to 1.8061482127376880e+01 seconds.
Warning: Simulation tolerance relaxed to achieve convergence from 1.8061482127376880e+01 to 1.8061482127376987e+01 seconds.
Warning: Simulation tolerance relaxed to achieve convergence from 1.8061482127376987e+01 to 1.8061482127377094e+01 seconds.
Warning: Simulation tolerance relaxed to achieve convergence from 1.8061482127377094e+01 to 1.8061482127377200e+01 seconds.
Warning: Simulation tolerance relaxed to achieve convergence from 1.8061482127377200e+01 to 1.8061482127377307e+01 seconds.
Warning: Simulation tolerance relaxed to achieve convergence from 1.8061482127377307e+01 to 1.8061482127377413e+01 seconds.
Warning: Simulation tolerance relaxed to achieve convergence from 1.8061482127377413e+01 to 1.8061482127377520e+01 seconds.
Warning: Simulation tolerance relaxed to achieve convergence from 1.8061482127377520e+01 to 1.8061482127377626e+01 seconds.
Warning: Simulation tolerance relaxed to achieve convergence from 1.8061482127377626e+01 to 1.8061482127377733e+01 seconds.
Warning: Simulation tolerance relaxed to achieve convergence from 1.8061482127377733e+01 to 1.8061482127377840e+01 seconds.
Warning: Simulation tolerance relaxed to achieve convergence from 1.8061482127377840e+01 to 1.8061482127377946e+01 seconds.
Warning: Simulation tolerance relaxed to achieve convergence from 1.8061482127377946e+01 to 1.8061482127378053e+01 seconds.
Warning: Simulation tolerance relaxed to achieve convergence from 1.8061482127378053e+01 to 1.8061482127378159e+01 seconds.
Warning: Simulation tolerance relaxed to achieve convergence from 1.8061482127378159e+01 to 1.8061482127378266e+01 seconds.
Warning: Simulation tolerance relaxed to achieve convergence from 1.8061482127378266e+01 to 1.8061482127378373e+01 seconds.
Warning: Simulation tolerance relaxed to achieve convergence from 1.8061482127378373e+01 to 1.8061482127378479e+01 seconds.
Warning: Simulation tolerance relaxed to achieve convergence from 1.8061482127378479e+01 to 1.8061482127378586e+01 seconds.
Warning: Simulation tolerance relaxed to achieve convergence from 1.8061482127378586e+01 to 1.8061482127378692e+01 seconds.
Warning: Simulation tolerance relaxed to achieve convergence from 1.8061482127378692e+01 to 1.8061482127378799e+01 seconds.
Warning: Simulation tolerance relaxed to achieve convergence from 1.8061482127378799e+01 to 1.8061482127378905e+01 seconds.
Warning: Simulation tolerance relaxed to achieve convergence from 1.8061482127378905e+01 to 1.8061482127379012e+01 seconds.
Warning: Simulation tolerance relaxed to achieve convergence from 1.8061482127379012e+01 to 1.8061482127379119e+01 seconds.
Warning: Simulation tolerance relaxed to achieve convergence from 1.8061482127379119e+01 to 1.8061482127379225e+01 seconds.
Warning: Simulation tolerance relaxed to achieve convergence from 1.8061482127379225e+01 to 1.8061482127379332e+01 seconds.
Warning: Simulation tolerance relaxed to achieve convergence from 1.8061482127379332e+01 to 1.8061482127379438e+01 seconds.
Warning: Simulation tolerance relaxed to achieve convergence from 1.8061482127379438e+01 to 1.8061482127379545e+01 seconds.
Warning: Simulation tolerance relaxed to achieve convergence from 1.8061482127379545e+01 to 1.8061482127379652e+01 seconds.
Warning: Simulation tolerance relaxed to achieve convergence from 1.8061482127379652e+01 to 1.8061482127379758e+01 seconds.
Warning: Simulation tolerance relaxed to achieve convergence from 1.8061482127379758e+01 to 1.8061482127379865e+01 seconds.
Warning: Simulation tolerance relaxed to achieve convergence from 1.8061482127379865e+01 to 1.8061482127379971e+01 seconds.
Warning: Simulation tolerance relaxed to achieve convergence from 1.8061482127379971e+01 to 1.8061482127380078e+01 seconds.
Warning: Simulation tolerance relaxed to achieve convergence from 1.8061482127380078e+01 to 1.8061482127380184e+01 seconds.
Warning: Simulation tolerance relaxed to achieve convergence from 1.8061482127380184e+01 to 1.8061482127380291e+01 seconds.
Warning: Simulation tolerance relaxed to achieve convergence from 1.8061482127380291e+01 to 1.8061482127380398e+01 seconds.
Warning: Simulation tolerance relaxed to achieve convergence from 1.8061482127380398e+01 to 1.8061482127380504e+01 seconds.
Warning: Simulation tolerance relaxed to achieve convergence from 1.8061482127380504e+01 to 1.8061482127380611e+01 seconds.
Warning: Simulation tolerance relaxed to achieve convergence from 1.8061482127380611e+01 to 1.8061482127380717e+01 seconds.
Warning: Simulation tolerance relaxed to achieve convergence from 1.8061482127380717e+01 to 1.8061482127380824e+01 seconds.
Warning: Simulation tolerance relaxed to achieve convergence from 1.8061482127380824e+01 to 1.8061482127380931e+01 seconds.
Warning: Simulation tolerance relaxed to achieve convergence from 1.8061482127380931e+01 to 1.8061482127381037e+01 seconds.
Warning: Simulation tolerance relaxed to achieve convergence from 1.8061482127381037e+01 to 1.8061482127381144e+01 seconds.
Warning: Simulation tolerance relaxed to achieve convergence from 1.8061482127381144e+01 to 1.8061482127381250e+01 seconds.
Warning: Simulation tolerance relaxed to achieve convergence from 1.8061482127381250e+01 to 1.8061482127381357e+01 seconds.
Warning: Simulation tolerance relaxed to achieve convergence from 1.8061482127381357e+01 to 1.8061482127381463e+01 seconds.
Warning: Simulation tolerance relaxed to achieve convergence from 1.8061482127381463e+01 to 1.8061482127381570e+01 seconds.
Warning: Simulation tolerance relaxed to achieve convergence from 1.8061482127381570e+01 to 1.8061482127381677e+01 seconds.
Warning: Simulation tolerance relaxed to achieve convergence from 1.8061482127381677e+01 to 1.8061482127381783e+01 seconds.
Warning: Simulation tolerance relaxed to achieve convergence from 1.8061482127381783e+01 to 1.8061482127381890e+01 seconds.
Warning: Simulation tolerance relaxed to achieve convergence from 1.8061482127381890e+01 to 1.8061482127381996e+01 seconds.
Warning: Simulation tolerance relaxed to achieve convergence from 1.8061482127381996e+01 to 1.8061482127382103e+01 seconds.
Warning: Simulation tolerance relaxed to achieve convergence from 1.8061482127382103e+01 to 1.8061482127382209e+01 seconds.
Warning: Simulation tolerance relaxed to achieve convergence from 1.8061482127382209e+01 to 1.8061482127382316e+01 seconds.
Warning: Simulation tolerance relaxed to achieve convergence from 1.8061482127382316e+01 to 1.8061482127382423e+01 seconds.
Warning: Simulation tolerance relaxed to achieve convergence from 1.8061482127382423e+01 to 1.8061482127382529e+01 seconds.
Warning: Simulation tolerance relaxed to achieve convergence from 1.8061482127382529e+01 to 1.8061482127382636e+01 seconds.
Warning: Simulation tolerance relaxed to achieve convergence from 1.8061482127382636e+01 to 1.8061482127382742e+01 seconds.
Warning: Simulation tolerance relaxed to achieve convergence from 1.8061482127382742e+01 to 1.8061482127382849e+01 seconds.
Warning: Simulation tolerance relaxed to achieve convergence from 1.8061482127382849e+01 to 1.8061482127382956e+01 seconds.
Warning: Simulation tolerance relaxed to achieve convergence from 1.8061482127382956e+01 to 1.8061482127383062e+01 seconds.
Warning: Simulation tolerance relaxed to achieve convergence from 1.8061482127383062e+01 to 1.8061482127383169e+01 seconds.
Warning: Simulation tolerance relaxed to achieve convergence from 1.8061482127383169e+01 to 1.8061482127383275e+01 seconds.
Warning: Simulation tolerance relaxed to achieve convergence from 1.8061482127383275e+01 to 1.8061482127383382e+01 seconds.
Warning: Simulation tolerance relaxed to achieve convergence from 1.8061482127383382e+01 to 1.8061482127383488e+01 seconds.
Warning: Simulation tolerance relaxed to achieve convergence from 1.8061482127383488e+01 to 1.8061482127383595e+01 seconds.
Warning: Simulation tolerance relaxed to achieve convergence from 1.8061482127383595e+01 to 1.8061482127383702e+01 seconds.
Warning: Simulation tolerance relaxed to achieve convergence from 1.8061482127383702e+01 to 1.8061482127383808e+01 seconds.
Warning: Simulation tolerance relaxed to achieve convergence from 1.8061482127383808e+01 to 1.8061482127383915e+01 seconds.
Warning: Simulation tolerance relaxed to achieve convergence from 1.8061482127383915e+01 to 1.8061482127384021e+01 seconds.
Warning: Simulation tolerance relaxed to achieve convergence from 1.8061482127384021e+01 to 1.8061482127384128e+01 seconds.
Warning: Simulation tolerance relaxed to achieve convergence from 1.8061482127384128e+01 to 1.8061482127384235e+01 seconds.
Warning: Simulation tolerance relaxed to achieve convergence from 1.8061482127384235e+01 to 1.8061482127384341e+01 seconds.
Warning: Simulation tolerance relaxed to achieve convergence from 1.8061482127384341e+01 to 1.8061482127384448e+01 seconds.
Warning: Simulation tolerance relaxed to achieve convergence from 1.8061482127384448e+01 to 1.8061482127384554e+01 seconds.
Warning: Simulation tolerance relaxed to achieve convergence from 1.8061482127384554e+01 to 1.8061482127384661e+01 seconds.
Warning: Simulation tolerance relaxed to achieve convergence from 1.8061482127384661e+01 to 1.8061482127384767e+01 seconds.
Warning: Simulation tolerance relaxed to achieve convergence from 1.8061482127384767e+01 to 1.8061482127384874e+01 seconds.
Warning: Simulation tolerance relaxed to achieve convergence from 1.8061482127384874e+01 to 1.8061482127384981e+01 seconds.
Warning: Simulation tolerance relaxed to achieve convergence from 1.8061482127384981e+01 to 1.8061482127385087e+01 seconds.
Warning: Simulation tolerance relaxed to achieve convergence from 1.8061482127385087e+01 to 1.8061482127385194e+01 seconds.
Warning: Simulation tolerance relaxed to achieve convergence from 1.8061482127385194e+01 to 1.8061482127385300e+01 seconds.
Warning: Simulation tolerance relaxed to achieve convergence from 1.8061482127385300e+01 to 1.8061482127385407e+01 seconds.
Warning: Simulation tolerance relaxed to achieve convergence from 1.8061482127385407e+01 to 1.8061482127385514e+01 seconds.
Warning: Simulation tolerance relaxed to achieve convergence from 1.8061482127385514e+01 to 1.8061482127385620e+01 seconds.
Warning: Simulation tolerance relaxed to achieve convergence from 1.8061482127385620e+01 to 1.8061482127385727e+01 seconds.
Warning: Simulation tolerance relaxed to achieve convergence from 1.8061482127385727e+01 to 1.8061482127385833e+01 seconds.
Warning: Simulation tolerance relaxed to achieve convergence from 1.8061482127385833e+01 to 1.8061482127385940e+01 seconds.
Warning: Simulation tolerance relaxed to achieve convergence from 1.8061482127385940e+01 to 1.8061482127386046e+01 seconds.
Warning: Simulation tolerance relaxed to achieve convergence from 1.8061482127386046e+01 to 1.8061482127386153e+01 seconds.
Warning: Simulation tolerance relaxed to achieve convergence from 1.8061482127386153e+01 to 1.8061482127386260e+01 seconds.
Warning: Simulation tolerance relaxed to achieve convergence from 1.8061482127386260e+01 to 1.8061482127386366e+01 seconds.
Warning: Simulation tolerance relaxed to achieve convergence from 1.8061482127386366e+01 to 1.8061482127386473e+01 seconds.
Warning: Simulation tolerance relaxed to achieve convergence from 1.8061482127386473e+01 to 1.8061482127386579e+01 seconds.
Warning: Simulation tolerance relaxed to achieve convergence from 1.8061482127386579e+01 to 1.8061482127386686e+01 seconds.
Warning: Simulation tolerance relaxed to achieve convergence from 1.8061482127386686e+01 to 1.8061482127386792e+01 seconds.
Warning: Simulation tolerance relaxed to achieve convergence from 1.8061482127386792e+01 to 1.8061482127386899e+01 seconds.
Warning: Simulation tolerance relaxed to achieve convergence from 1.8061482127386899e+01 to 1.8061482127387006e+01 seconds.
Warning: Simulation tolerance relaxed to achieve convergence from 1.8061482127387006e+01 to 1.8061482127387112e+01 seconds.
Warning: Simulation tolerance relaxed to achieve convergence from 1.8061482127387112e+01 to 1.8061482127387219e+01 seconds.
Warning: Simulation tolerance relaxed to achieve convergence from 1.8061482127387219e+01 to 1.8061482127387325e+01 seconds.
Warning: Simulation tolerance relaxed to achieve convergence from 1.8061482127387325e+01 to 1.8061482127387432e+01 seconds.
Warning: Simulation tolerance relaxed to achieve convergence from 1.8061482127387432e+01 to 1.8061482127387539e+01 seconds.
Warning: Simulation tolerance relaxed to achieve convergence from 1.8061482127387539e+01 to 1.8061482127387645e+01 seconds.
Warning: Simulation tolerance relaxed to achieve convergence from 1.8061482127387645e+01 to 1.8061482127387752e+01 seconds.
Warning: Simulation tolerance relaxed to achieve convergence from 1.8061482127387752e+01 to 1.8061482127387858e+01 seconds.
Warning: Simulation tolerance relaxed to achieve convergence from 1.8061482127387858e+01 to 1.8061482127387965e+01 seconds.
Warning: Simulation tolerance relaxed to achieve convergence from 1.8061482127387965e+01 to 1.8061482127388071e+01 seconds.
Warning: Simulation tolerance relaxed to achieve convergence from 1.8061482127388071e+01 to 1.8061482127388178e+01 seconds.
Warning: Simulation tolerance relaxed to achieve convergence from 1.8061482127388178e+01 to 1.8061482127388285e+01 seconds.
Warning: Simulation tolerance relaxed to achieve convergence from 1.8061482127388285e+01 to 1.8061482127388391e+01 seconds.
Warning: Simulation tolerance relaxed to achieve convergence from 1.8061482127388391e+01 to 1.8061482127388498e+01 seconds.
Warning: Simulation tolerance relaxed to achieve convergence from 1.8061482127388498e+01 to 1.8061482127388604e+01 seconds.
Warning: Simulation tolerance relaxed to achieve convergence from 1.8061482127388604e+01 to 1.8061482127388711e+01 seconds.
Warning: Simulation tolerance relaxed to achieve convergence from 1.8061482127388711e+01 to 1.8061482127388818e+01 seconds.
Warning: Simulation tolerance relaxed to achieve convergence from 1.8061482127388818e+01 to 1.8061482127388924e+01 seconds.
Warning: Simulation tolerance relaxed to achieve convergence from 1.8061482127388924e+01 to 1.8061482127389031e+01 seconds.
Warning: Simulation tolerance relaxed to achieve convergence from 1.8061482127389031e+01 to 1.8061482127389137e+01 seconds.
Warning: Simulation tolerance relaxed to achieve convergence from 1.8061482127389137e+01 to 1.8061482127389457e+01 seconds.
Warning: Simulation tolerance relaxed to achieve convergence from 1.8061482127389457e+01 to 1.8061482127389883e+01 seconds.
Warning: Simulation tolerance relaxed to achieve convergence from 1.8061482127389883e+01 to 1.8061482127390310e+01 seconds.
Warning: Simulation tolerance relaxed to achieve convergence from 1.8061482127390310e+01 to 1.8061482127390736e+01 seconds.
Warning: Simulation tolerance relaxed to achieve convergence from 1.8061482127390736e+01 to 1.8061482127390843e+01 seconds.
Warning: Simulation tolerance relaxed to achieve convergence from 1.8061482127390843e+01 to 1.8061482127391162e+01 seconds.
Warning: Simulation tolerance relaxed to achieve convergence from 1.8061482127391162e+01 to 1.8061482127391802e+01 seconds.
Warning: Simulation tolerance relaxed to achieve convergence from 1.8061482127391802e+01 to 1.8061482127392441e+01 seconds.
Warning: Simulation tolerance relaxed to achieve convergence from 1.8061482127392441e+01 to 1.8061482127392974e+01 seconds.
Warning: Simulation tolerance relaxed to achieve convergence from 1.8061482127392974e+01 to 1.8061482127393401e+01 seconds.
Warning: Simulation tolerance relaxed to achieve convergence from 1.8061482127393401e+01 to 1.8061482127393827e+01 seconds.
Warning: Simulation tolerance relaxed to achieve convergence from 1.8061482127393827e+01 to 1.8061482127394253e+01 seconds.
Warning: Simulation tolerance relaxed to achieve convergence from 1.8061482127394253e+01 to 1.8061482127394573e+01 seconds.
Warning: Simulation tolerance relaxed to achieve convergence from 1.8061482127394573e+01 to 1.8061482127395212e+01 seconds.
Warning: Simulation tolerance relaxed to achieve convergence from 1.8061482127395212e+01 to 1.8061482127395852e+01 seconds.
Warning: Simulation tolerance relaxed to achieve convergence from 1.8061482127395852e+01 to 1.8061482127396491e+01 seconds.
Warning: Simulation tolerance relaxed to achieve convergence from 1.8061482127396491e+01 to 1.8061482127397024e+01 seconds.
Warning: Simulation tolerance relaxed to achieve convergence from 1.8061482127397024e+01 to 1.8061482127397451e+01 seconds.
Warning: Simulation tolerance relaxed to achieve convergence from 1.8061482127397451e+01 to 1.8061482127397984e+01 seconds.
Warning: Simulation tolerance relaxed to achieve convergence from 1.8061482127397984e+01 to 1.8061482127398410e+01 seconds.
Warning: Simulation tolerance relaxed to achieve convergence from 1.8061482127398410e+01 to 1.8061482127398943e+01 seconds.
Warning: Simulation tolerance relaxed to achieve convergence from 1.8061482127398943e+01 to 1.8061482127399369e+01 seconds.
Warning: Simulation tolerance relaxed to achieve convergence from 1.8061482127399369e+01 to 1.8061482127399795e+01 seconds.
Warning: Simulation tolerance relaxed to achieve convergence from 1.8061482127399795e+01 to 1.8061482127400222e+01 seconds.
Warning: Simulation tolerance relaxed to achieve convergence from 1.8061482127400222e+01 to 1.8061482127400541e+01 seconds.
Warning: Simulation tolerance relaxed to achieve convergence from 1.8061482127400541e+01 to 1.8061482127400755e+01 seconds.
Warning: Simulation tolerance relaxed to achieve convergence from 1.8061482127400755e+01 to 1.8061482127400968e+01 seconds.
Warning: Simulation tolerance relaxed to achieve convergence from 1.8061482127400968e+01 to 1.8061482127401181e+01 seconds.
Warning: Simulation tolerance relaxed to achieve convergence from 1.8061482127401181e+01 to 1.8061482127401394e+01 seconds.
Warning: Simulation tolerance relaxed to achieve convergence from 1.8061482127401394e+01 to 1.8061482127401714e+01 seconds.
Warning: Simulation tolerance relaxed to achieve convergence from 1.8061482127401714e+01 to 1.8061482127402140e+01 seconds.
Warning: Simulation tolerance relaxed to achieve convergence from 1.8061482127402140e+01 to 1.8061482127402673e+01 seconds.
Warning: Simulation tolerance relaxed to achieve convergence from 1.8061482127402673e+01 to 1.8061482127402993e+01 seconds.
Warning: Simulation tolerance relaxed to achieve convergence from 1.8061482127402993e+01 to 1.8061482127403313e+01 seconds.
Warning: Simulation tolerance relaxed to achieve convergence from 1.8061482127403313e+01 to 1.8061482127403846e+01 seconds.
Warning: Simulation tolerance relaxed to achieve convergence from 1.8061482127403846e+01 to 1.8061482127404378e+01 seconds.
Warning: Simulation tolerance relaxed to achieve convergence from 1.8061482127404378e+01 to 1.8061482127404805e+01 seconds.
Warning: Simulation tolerance relaxed to achieve convergence from 1.8061482127404805e+01 to 1.8061482127405338e+01 seconds.
Warning: Simulation tolerance relaxed to achieve convergence from 1.8061482127405338e+01 to 1.8061482127405764e+01 seconds.
Warning: Simulation tolerance relaxed to achieve convergence from 1.8061482127405764e+01 to 1.8061482127405871e+01 seconds.
Warning: Simulation tolerance relaxed to achieve convergence from 1.8061482127405871e+01 to 1.8061482127405977e+01 seconds.
Warning: Simulation tolerance relaxed to achieve convergence from 1.8061482127405977e+01 to 1.8061482127406084e+01 seconds.
Warning: Simulation tolerance relaxed to achieve convergence from 1.8061482127406084e+01 to 1.8061482127406510e+01 seconds.
Warning: Simulation tolerance relaxed to achieve convergence from 1.8061482127406510e+01 to 1.8061482127406617e+01 seconds.
Warning: Simulation tolerance relaxed to achieve convergence from 1.8061482127406617e+01 to 1.8061482127407043e+01 seconds.
Warning: Simulation tolerance relaxed to achieve convergence from 1.8061482127407043e+01 to 1.8061482127407469e+01 seconds.
Warning: Simulation tolerance relaxed to achieve convergence from 1.8061482127407469e+01 to 1.8061482127407896e+01 seconds.
Warning: Simulation tolerance relaxed to achieve convergence from 1.8061482127407896e+01 to 1.8061482127408322e+01 seconds.
Warning: Simulation tolerance relaxed to achieve convergence from 1.8061482127408322e+01 to 1.8061482127408748e+01 seconds.
Warning: Simulation tolerance relaxed to achieve convergence from 1.8061482127408748e+01 to 1.8061482127408855e+01 seconds.
Warning: Simulation tolerance relaxed to achieve convergence from 1.8061482127408855e+01 to 1.8061482127408961e+01 seconds.
Warning: Simulation tolerance relaxed to achieve convergence from 1.8061482127408961e+01 to 1.8061482127409388e+01 seconds.
Warning: Simulation tolerance relaxed to achieve convergence from 1.8061482127409388e+01 to 1.8061482127409494e+01 seconds.
Warning: Simulation tolerance relaxed to achieve convergence from 1.8061482127409494e+01 to 1.8061482127409601e+01 seconds.
Warning: Simulation tolerance relaxed to achieve convergence from 1.8061482127409601e+01 to 1.8061482127410027e+01 seconds.
Warning: Simulation tolerance relaxed to achieve convergence from 1.8061482127410027e+01 to 1.8061482127410134e+01 seconds.
Warning: Simulation tolerance relaxed to achieve convergence from 1.8061482127410134e+01 to 1.8061482127410240e+01 seconds.
Warning: Simulation tolerance relaxed to achieve convergence from 1.8061482127410240e+01 to 1.8061482127410560e+01 seconds.
Warning: Simulation tolerance relaxed to achieve convergence from 1.8061482127410560e+01 to 1.8061482127410667e+01 seconds.
Warning: Simulation tolerance relaxed to achieve convergence from 1.8061482127410667e+01 to 1.8061482127410773e+01 seconds.
Warning: Simulation tolerance relaxed to achieve convergence from 1.8061482127410773e+01 to 1.8061482127410880e+01 seconds.
Warning: Simulation tolerance relaxed to achieve convergence from 1.8061482127410880e+01 to 1.8061482127410986e+01 seconds.
Warning: Simulation tolerance relaxed to achieve convergence from 1.8061482127410986e+01 to 1.8061482127411093e+01 seconds.
Warning: Simulation tolerance relaxed to achieve convergence from 1.8061482127411093e+01 to 1.8061482127411413e+01 seconds.
Warning: Simulation tolerance relaxed to achieve convergence from 1.8061482127411413e+01 to 1.8061482127411519e+01 seconds.
Warning: Simulation tolerance relaxed to achieve convergence from 1.8061482127411519e+01 to 1.8061482127411626e+01 seconds.
Warning: Simulation tolerance relaxed to achieve convergence from 1.8061482127411626e+01 to 1.8061482127411733e+01 seconds.
Warning: Simulation tolerance relaxed to achieve convergence from 1.8061482127411733e+01 to 1.8061482127411839e+01 seconds.
Warning: Simulation tolerance relaxed to achieve convergence from 1.8061482127411839e+01 to 1.8061482127411946e+01 seconds.
Warning: Simulation tolerance relaxed to achieve convergence from 1.8061482127411946e+01 to 1.8061482127412052e+01 seconds.
Warning: Simulation tolerance relaxed to achieve convergence from 1.8061482127412052e+01 to 1.8061482127412159e+01 seconds.
Warning: Simulation tolerance relaxed to achieve convergence from 1.8061482127412159e+01 to 1.8061482127412479e+01 seconds.
Warning: Simulation tolerance relaxed to achieve convergence from 1.8061482127412479e+01 to 1.8061482127412585e+01 seconds.
Warning: Simulation tolerance relaxed to achieve convergence from 1.8061482127412585e+01 to 1.8061482127412692e+01 seconds.
Warning: Simulation tolerance relaxed to achieve convergence from 1.8061482127412692e+01 to 1.8061482127412798e+01 seconds.
Warning: Simulation tolerance relaxed to achieve convergence from 1.8061482127412798e+01 to 1.8061482127412905e+01 seconds.
Warning: Simulation tolerance relaxed to achieve convergence from 1.8061482127412905e+01 to 1.8061482127413012e+01 seconds.
Warning: Simulation tolerance relaxed to achieve convergence from 1.8061482127413012e+01 to 1.8061482127413118e+01 seconds.
Warning: Simulation tolerance relaxed to achieve convergence from 1.8061482127413118e+01 to 1.8061482127413225e+01 seconds.
Warning: Simulation tolerance relaxed to achieve convergence from 1.8061482127413225e+01 to 1.8061482127413331e+01 seconds.
Warning: Simulation tolerance relaxed to achieve convergence from 1.8061482127413331e+01 to 1.8061482127413438e+01 seconds.
Warning: Simulation tolerance relaxed to achieve convergence from 1.8061482127413438e+01 to 1.8061482127413544e+01 seconds.
Warning: Simulation tolerance relaxed to achieve convergence from 1.8061482127413544e+01 to 1.8061482127413651e+01 seconds.
Warning: Simulation tolerance relaxed to achieve convergence from 1.8061482127413651e+01 to 1.8061482127413758e+01 seconds.
Warning: Simulation tolerance relaxed to achieve convergence from 1.8061482127413758e+01 to 1.8061482127413864e+01 seconds.
Warning: Simulation tolerance relaxed to achieve convergence from 1.8061482127413864e+01 to 1.8061482127413971e+01 seconds.
Warning: Simulation tolerance relaxed to achieve convergence from 1.8061482127413971e+01 to 1.8061482127414077e+01 seconds.
Warning: Simulation tolerance relaxed to achieve convergence from 1.8061482127414077e+01 to 1.8061482127414397e+01 seconds.
Warning: Simulation tolerance relaxed to achieve convergence from 1.8061482127414397e+01 to 1.8061482127414504e+01 seconds.
Warning: Simulation tolerance relaxed to achieve convergence from 1.8061482127414504e+01 to 1.8061482127414610e+01 seconds.
Warning: Simulation tolerance relaxed to achieve convergence from 1.8061482127414610e+01 to 1.8061482127414717e+01 seconds.
Warning: Simulation tolerance relaxed to achieve convergence from 1.8061482127414717e+01 to 1.8061482127414823e+01 seconds.
Warning: Simulation tolerance relaxed to achieve convergence from 1.8061482127414823e+01 to 1.8061482127414930e+01 seconds.
Warning: Simulation tolerance relaxed to achieve convergence from 1.8061482127414930e+01 to 1.8061482127415037e+01 seconds.
Warning: Simulation tolerance relaxed to achieve convergence from 1.8061482127415037e+01 to 1.8061482127415143e+01 seconds.
Warning: Simulation tolerance relaxed to achieve convergence from 1.8061482127415143e+01 to 1.8061482127415250e+01 seconds.
Warning: Simulation tolerance relaxed to achieve convergence from 1.8061482127415250e+01 to 1.8061482127415356e+01 seconds.
Warning: Simulation tolerance relaxed to achieve convergence from 1.8061482127415356e+01 to 1.8061482127415463e+01 seconds.
Warning: Simulation tolerance relaxed to achieve convergence from 1.8061482127415463e+01 to 1.8061482127415569e+01 seconds.
Warning: Simulation tolerance relaxed to achieve convergence from 1.8061482127415569e+01 to 1.8061482127415676e+01 seconds.
Warning: Simulation tolerance relaxed to achieve convergence from 1.8061482127415676e+01 to 1.8061482127415783e+01 seconds.
Warning: Simulation tolerance relaxed to achieve convergence from 1.8061482127415783e+01 to 1.8061482127415889e+01 seconds.
Warning: Simulation tolerance relaxed to achieve convergence from 1.8061482127415889e+01 to 1.8061482127415996e+01 seconds.
Warning: Simulation tolerance relaxed to achieve convergence from 1.8061482127415996e+01 to 1.8061482127416102e+01 seconds.
Warning: Simulation tolerance relaxed to achieve convergence from 1.8061482127416102e+01 to 1.8061482127416209e+01 seconds.
Warning: Simulation tolerance relaxed to achieve convergence from 1.8061482127416209e+01 to 1.8061482127416529e+01 seconds.
Warning: Simulation tolerance relaxed to achieve convergence from 1.8061482127416529e+01 to 1.8061482127416635e+01 seconds.
Warning: Simulation tolerance relaxed to achieve convergence from 1.8061482127416635e+01 to 1.8061482127417062e+01 seconds.
Warning: Simulation tolerance relaxed to achieve convergence from 1.8061482127417062e+01 to 1.8061482127417168e+01 seconds.
Warning: Simulation tolerance relaxed to achieve convergence from 1.8061482127417168e+01 to 1.8061482127417488e+01 seconds.
Warning: Simulation tolerance relaxed to achieve convergence from 1.8061482127417488e+01 to 1.8061482127417595e+01 seconds.
Warning: Simulation tolerance relaxed to achieve convergence from 1.8061482127417595e+01 to 1.8061482127417701e+01 seconds.
Warning: Simulation tolerance relaxed to achieve convergence from 1.8061482127417701e+01 to 1.8061482127417808e+01 seconds.
Warning: Simulation tolerance relaxed to achieve convergence from 1.8061482127417808e+01 to 1.8061482127417914e+01 seconds.
Warning: Simulation tolerance relaxed to achieve convergence from 1.8061482127417914e+01 to 1.8061482127418021e+01 seconds.
Warning: Simulation tolerance relaxed to achieve convergence from 1.8061482127418021e+01 to 1.8061482127418127e+01 seconds.
Warning: Simulation tolerance relaxed to achieve convergence from 1.8061482127418127e+01 to 1.8061482127418234e+01 seconds.
Warning: Simulation tolerance relaxed to achieve convergence from 1.8061482127418234e+01 to 1.8061482127418341e+01 seconds.
Warning: Simulation tolerance relaxed to achieve convergence from 1.8061482127418341e+01 to 1.8061482127418447e+01 seconds.
Warning: Simulation tolerance relaxed to achieve convergence from 1.8061482127418447e+01 to 1.8061482127418554e+01 seconds.
Warning: Simulation tolerance relaxed to achieve convergence from 1.8061482127418554e+01 to 1.8061482127418660e+01 seconds.
Warning: Simulation tolerance relaxed to achieve convergence from 1.8061482127418660e+01 to 1.8061482127418980e+01 seconds.
Warning: Simulation tolerance relaxed to achieve convergence from 1.8061482127418980e+01 to 1.8061482127419087e+01 seconds.
Warning: Simulation tolerance relaxed to achieve convergence from 1.8061482127419087e+01 to 1.8061482127419406e+01 seconds.
Warning: Simulation tolerance relaxed to achieve convergence from 1.8061482127419406e+01 to 1.8061482127419513e+01 seconds.
Warning: Simulation tolerance relaxed to achieve convergence from 1.8061482127419513e+01 to 1.8061482127419620e+01 seconds.
Warning: Simulation tolerance relaxed to achieve convergence from 1.8061482127419620e+01 to 1.8061482127419726e+01 seconds.
Warning: Simulation tolerance relaxed to achieve convergence from 1.8061482127419726e+01 to 1.8061482127419833e+01 seconds.
Warning: Simulation tolerance relaxed to achieve convergence from 1.8061482127419833e+01 to 1.8061482127420152e+01 seconds.
Warning: Simulation tolerance relaxed to achieve convergence from 1.8061482127420152e+01 to 1.8061482127420259e+01 seconds.
Warning: Simulation tolerance relaxed to achieve convergence from 1.8061482127420259e+01 to 1.8061482127420579e+01 seconds.
Warning: Simulation tolerance relaxed to achieve convergence from 1.8061482127420579e+01 to 1.8061482127420685e+01 seconds.
Warning: Simulation tolerance relaxed to achieve convergence from 1.8061482127420685e+01 to 1.8061482127420792e+01 seconds.
Warning: Simulation tolerance relaxed to achieve convergence from 1.8061482127420792e+01 to 1.8061482127420899e+01 seconds.
Warning: Simulation tolerance relaxed to achieve convergence from 1.8061482127420899e+01 to 1.8061482127421218e+01 seconds.
Warning: Simulation tolerance relaxed to achieve convergence from 1.8061482127421218e+01 to 1.8061482127421325e+01 seconds.
Warning: Simulation tolerance relaxed to achieve convergence from 1.8061482127421325e+01 to 1.8061482127421645e+01 seconds.
Warning: Simulation tolerance relaxed to achieve convergence from 1.8061482127421645e+01 to 1.8061482127421964e+01 seconds.
Warning: Simulation tolerance relaxed to achieve convergence from 1.8061482127421964e+01 to 1.8061482127422071e+01 seconds.
Warning: Simulation tolerance relaxed to achieve convergence from 1.8061482127422071e+01 to 1.8061482127422391e+01 seconds.
Warning: Simulation tolerance relaxed to achieve convergence from 1.8061482127422391e+01 to 1.8061482127422710e+01 seconds.
Warning: Simulation tolerance relaxed to achieve convergence from 1.8061482127422710e+01 to 1.8061482127422817e+01 seconds.
Warning: Simulation tolerance relaxed to achieve convergence from 1.8061482127422817e+01 to 1.8061482127422924e+01 seconds.
Warning: Simulation tolerance relaxed to achieve convergence from 1.8061482127422924e+01 to 1.8061482127423243e+01 seconds.
Warning: Simulation tolerance relaxed to achieve convergence from 1.8061482127423243e+01 to 1.8061482127423350e+01 seconds.
Warning: Simulation tolerance relaxed to achieve convergence from 1.8061482127423350e+01 to 1.8061482127423456e+01 seconds.
Warning: Simulation tolerance relaxed to achieve convergence from 1.8061482127423456e+01 to 1.8061482127423776e+01 seconds.
Warning: Simulation tolerance relaxed to achieve convergence from 1.8061482127423776e+01 to 1.8061482127423883e+01 seconds.
Warning: Simulation tolerance relaxed to achieve convergence from 1.8061482127423883e+01 to 1.8061482127424203e+01 seconds.
Warning: Simulation tolerance relaxed to achieve convergence from 1.8061482127424203e+01 to 1.8061482127424309e+01 seconds.
Warning: Simulation tolerance relaxed to achieve convergence from 1.8061482127424309e+01 to 1.8061482127424416e+01 seconds.
Warning: Simulation tolerance relaxed to achieve convergence from 1.8061482127424416e+01 to 1.8061482127424735e+01 seconds.
Warning: Simulation tolerance relaxed to achieve convergence from 1.8061482127424735e+01 to 1.8061482127424842e+01 seconds.
Warning: Simulation tolerance relaxed to achieve convergence from 1.8061482127424842e+01 to 1.8061482127425162e+01 seconds.
Warning: Simulation tolerance relaxed to achieve convergence from 1.8061482127425162e+01 to 1.8061482127425268e+01 seconds.
Warning: Simulation tolerance relaxed to achieve convergence from 1.8061482127425268e+01 to 1.8061482127425375e+01 seconds.
Warning: Simulation tolerance relaxed to achieve convergence from 1.8061482127425375e+01 to 1.8061482127425695e+01 seconds.
Warning: Simulation tolerance relaxed to achieve convergence from 1.8061482127425695e+01 to 1.8061482127425801e+01 seconds.
Warning: Simulation tolerance relaxed to achieve convergence from 1.8061482127425801e+01 to 1.8061482127425908e+01 seconds.
Warning: Simulation tolerance relaxed to achieve convergence from 1.8061482127425908e+01 to 1.8061482127426014e+01 seconds.
Warning: Simulation tolerance relaxed to achieve convergence from 1.8061482127426014e+01 to 1.8061482127426121e+01 seconds.
Warning: Simulation tolerance relaxed to achieve convergence from 1.8061482127426121e+01 to 1.8061482127426228e+01 seconds.
Warning: Simulation tolerance relaxed to achieve convergence from 1.8061482127426228e+01 to 1.8061482127426547e+01 seconds.
Warning: Simulation tolerance relaxed to achieve convergence from 1.8061482127426547e+01 to 1.8061482127426654e+01 seconds.
Warning: Simulation tolerance relaxed to achieve convergence from 1.8061482127426654e+01 to 1.8061482127426761e+01 seconds.
Warning: Simulation tolerance relaxed to achieve convergence from 1.8061482127426761e+01 to 1.8061482127426867e+01 seconds.
Warning: Simulation tolerance relaxed to achieve convergence from 1.8061482127426867e+01 to 1.8061482127426974e+01 seconds.
Warning: Simulation tolerance relaxed to achieve convergence from 1.8061482127426974e+01 to 1.8061482127427080e+01 seconds.
Warning: Simulation tolerance relaxed to achieve convergence from 1.8061482127427080e+01 to 1.8061482127427400e+01 seconds.
Warning: Simulation tolerance relaxed to achieve convergence from 1.8061482127427400e+01 to 1.8061482127427507e+01 seconds.
Warning: Simulation tolerance relaxed to achieve convergence from 1.8061482127427507e+01 to 1.8061482127427613e+01 seconds.
Warning: Simulation tolerance relaxed to achieve convergence from 1.8061482127427613e+01 to 1.8061482127427720e+01 seconds.
Warning: Simulation tolerance relaxed to achieve convergence from 1.8061482127427720e+01 to 1.8061482127427826e+01 seconds.
Warning: Simulation tolerance relaxed to achieve convergence from 1.8061482127427826e+01 to 1.8061482127428146e+01 seconds.
Warning: Simulation tolerance relaxed to achieve convergence from 1.8061482127428146e+01 to 1.8061482127428253e+01 seconds.
Warning: Simulation tolerance relaxed to achieve convergence from 1.8061482127428253e+01 to 1.8061482127428359e+01 seconds.
Warning: Simulation tolerance relaxed to achieve convergence from 1.8061482127428359e+01 to 1.8061482127428466e+01 seconds.
Warning: Simulation tolerance relaxed to achieve convergence from 1.8061482127428466e+01 to 1.8061482127428572e+01 seconds.
Warning: Simulation tolerance relaxed to achieve convergence from 1.8061482127428572e+01 to 1.8061482127428892e+01 seconds.
Warning: Simulation tolerance relaxed to achieve convergence from 1.8061482127428892e+01 to 1.8061482127428999e+01 seconds.
Warning: Simulation tolerance relaxed to achieve convergence from 1.8061482127428999e+01 to 1.8061482127429105e+01 seconds.
Warning: Simulation tolerance relaxed to achieve convergence from 1.8061482127429105e+01 to 1.8061482127429212e+01 seconds.
Warning: Simulation tolerance relaxed to achieve convergence from 1.8061482127429212e+01 to 1.8061482127429318e+01 seconds.
Warning: Simulation tolerance relaxed to achieve convergence from 1.8061482127429318e+01 to 1.8061482127429638e+01 seconds.
Warning: Simulation tolerance relaxed to achieve convergence from 1.8061482127429638e+01 to 1.8061482127429745e+01 seconds.
Warning: Simulation tolerance relaxed to achieve convergence from 1.8061482127429745e+01 to 1.8061482127429851e+01 seconds.
Warning: Simulation tolerance relaxed to achieve convergence from 1.8061482127429851e+01 to 1.8061482127429958e+01 seconds.
Warning: Simulation tolerance relaxed to achieve convergence from 1.8061482127429958e+01 to 1.8061482127430278e+01 seconds.
Warning: Simulation tolerance relaxed to achieve convergence from 1.8061482127430278e+01 to 1.8061482127430384e+01 seconds.
Warning: Simulation tolerance relaxed to achieve convergence from 1.8061482127430384e+01 to 1.8061482127430491e+01 seconds.
Warning: Simulation tolerance relaxed to achieve convergence from 1.8061482127430491e+01 to 1.8061482127430597e+01 seconds.
Warning: Simulation tolerance relaxed to achieve convergence from 1.8061482127430597e+01 to 1.8061482127430704e+01 seconds.
Warning: Simulation tolerance relaxed to achieve convergence from 1.8061482127430704e+01 to 1.8061482127431024e+01 seconds.
Warning: Simulation tolerance relaxed to achieve convergence from 1.8061482127431024e+01 to 1.8061482127431130e+01 seconds.
Warning: Simulation tolerance relaxed to achieve convergence from 1.8061482127431130e+01 to 1.8061482127431237e+01 seconds.
Warning: Simulation tolerance relaxed to achieve convergence from 1.8061482127431237e+01 to 1.8061482127431344e+01 seconds.
Warning: Simulation tolerance relaxed to achieve convergence from 1.8061482127431344e+01 to 1.8061482127431663e+01 seconds.
Warning: Simulation tolerance relaxed to achieve convergence from 1.8061482127431663e+01 to 1.8061482127431770e+01 seconds.
Warning: Simulation tolerance relaxed to achieve convergence from 1.8061482127431770e+01 to 1.8061482127431876e+01 seconds.
Warning: Simulation tolerance relaxed to achieve convergence from 1.8061482127431876e+01 to 1.8061482127431983e+01 seconds.
Warning: Simulation tolerance relaxed to achieve convergence from 1.8061482127431983e+01 to 1.8061482127432090e+01 seconds.
Warning: Simulation tolerance relaxed to achieve convergence from 1.8061482127432090e+01 to 1.8061482127432196e+01 seconds.
Warning: Simulation tolerance relaxed to achieve convergence from 1.8061482127432196e+01 to 1.8061482127432303e+01 seconds.
Warning: Simulation tolerance relaxed to achieve convergence from 1.8061482127432303e+01 to 1.8061482127432409e+01 seconds.
Warning: Simulation tolerance relaxed to achieve convergence from 1.8061482127432409e+01 to 1.8061482127432516e+01 seconds.
Warning: Simulation tolerance relaxed to achieve convergence from 1.8061482127432516e+01 to 1.8061482127432622e+01 seconds.
Warning: Simulation tolerance relaxed to achieve convergence from 1.8061482127432622e+01 to 1.8061482127432729e+01 seconds.
Warning: Simulation tolerance relaxed to achieve convergence from 1.8061482127432729e+01 to 1.8061482127432836e+01 seconds.
Warning: Simulation tolerance relaxed to achieve convergence from 1.8061482127432836e+01 to 1.8061482127432942e+01 seconds.
Warning: Simulation tolerance relaxed to achieve convergence from 1.8061482127432942e+01 to 1.8061482127433049e+01 seconds.
Warning: Simulation tolerance relaxed to achieve convergence from 1.8061482127433049e+01 to 1.8061482127433155e+01 seconds.
Warning: Simulation tolerance relaxed to achieve convergence from 1.8061482127433155e+01 to 1.8061482127433262e+01 seconds.
Warning: Simulation tolerance relaxed to achieve convergence from 1.8061482127433262e+01 to 1.8061482127433369e+01 seconds.
Warning: Simulation tolerance relaxed to achieve convergence from 1.8061482127433369e+01 to 1.8061482127433475e+01 seconds.
Warning: Simulation tolerance relaxed to achieve convergence from 1.8061482127433475e+01 to 1.8061482127433582e+01 seconds.
Warning: Simulation tolerance relaxed to achieve convergence from 1.8061482127433582e+01 to 1.8061482127433688e+01 seconds.
Warning: Simulation tolerance relaxed to achieve convergence from 1.8061482127433688e+01 to 1.8061482127433795e+01 seconds.
Warning: Simulation tolerance relaxed to achieve convergence from 1.8061482127433795e+01 to 1.8061482127433901e+01 seconds.
Warning: Simulation tolerance relaxed to achieve convergence from 1.8061482127433901e+01 to 1.8061482127434008e+01 seconds.
Warning: Simulation tolerance relaxed to achieve convergence from 1.8061482127434008e+01 to 1.8061482127434115e+01 seconds.
Warning: Simulation tolerance relaxed to achieve convergence from 1.8061482127434115e+01 to 1.8061482127434221e+01 seconds.
Warning: Simulation tolerance relaxed to achieve convergence from 1.8061482127434221e+01 to 1.8061482127434328e+01 seconds.
Warning: Simulation tolerance relaxed to achieve convergence from 1.8061482127434328e+01 to 1.8061482127434434e+01 seconds.
Warning: Simulation tolerance relaxed to achieve convergence from 1.8061482127434434e+01 to 1.8061482127434541e+01 seconds.
Warning: Simulation tolerance relaxed to achieve convergence from 1.8061482127434541e+01 to 1.8061482127434648e+01 seconds.
Warning: Simulation tolerance relaxed to achieve convergence from 1.8061482127434648e+01 to 1.8061482127434754e+01 seconds.
Warning: Simulation tolerance relaxed to achieve convergence from 1.8061482127434754e+01 to 1.8061482127434861e+01 seconds.
Warning: Simulation tolerance relaxed to achieve convergence from 1.8061482127434861e+01 to 1.8061482127434967e+01 seconds.
Warning: Simulation tolerance relaxed to achieve convergence from 1.8061482127434967e+01 to 1.8061482127435074e+01 seconds.
Warning: Simulation tolerance relaxed to achieve convergence from 1.8061482127435074e+01 to 1.8061482127435180e+01 seconds.
Warning: Simulation tolerance relaxed to achieve convergence from 1.8061482127435180e+01 to 1.8061482127435287e+01 seconds.
Warning: Simulation tolerance relaxed to achieve convergence from 1.8061482127435287e+01 to 1.8061482127435394e+01 seconds.
Warning: Simulation tolerance relaxed to achieve convergence from 1.8061482127435394e+01 to 1.8061482127435500e+01 seconds.
Warning: Simulation tolerance relaxed to achieve convergence from 1.8061482127435500e+01 to 1.8061482127435607e+01 seconds.
Warning: Simulation tolerance relaxed to achieve convergence from 1.8061482127435607e+01 to 1.8061482127435713e+01 seconds.
Warning: Simulation tolerance relaxed to achieve convergence from 1.8061482127435713e+01 to 1.8061482127435820e+01 seconds.
Warning: Simulation tolerance relaxed to achieve convergence from 1.8061482127435820e+01 to 1.8061482127435927e+01 seconds.
Warning: Simulation tolerance relaxed to achieve convergence from 1.8061482127435927e+01 to 1.8061482127436033e+01 seconds.
Warning: Simulation tolerance relaxed to achieve convergence from 1.8061482127436033e+01 to 1.8061482127436140e+01 seconds.
Warning: Simulation tolerance relaxed to achieve convergence from 1.8061482127436140e+01 to 1.8061482127436246e+01 seconds.
Warning: Simulation tolerance relaxed to achieve convergence from 1.8061482127436246e+01 to 1.8061482127436353e+01 seconds.
Warning: Simulation tolerance relaxed to achieve convergence from 1.8061482127436353e+01 to 1.8061482127436459e+01 seconds.
Warning: Simulation tolerance relaxed to achieve convergence from 1.8061482127436459e+01 to 1.8061482127436566e+01 seconds.
Warning: Simulation tolerance relaxed to achieve convergence from 1.8061482127436566e+01 to 1.8061482127436673e+01 seconds.
Warning: Simulation tolerance relaxed to achieve convergence from 1.8061482127436673e+01 to 1.8061482127436779e+01 seconds.
Warning: Simulation tolerance relaxed to achieve convergence from 1.8061482127436779e+01 to 1.8061482127436886e+01 seconds.
Warning: Simulation tolerance relaxed to achieve convergence from 1.8061482127436886e+01 to 1.8061482127436992e+01 seconds.
Warning: Simulation tolerance relaxed to achieve convergence from 1.8061482127436992e+01 to 1.8061482127437099e+01 seconds.
Warning: Simulation tolerance relaxed to achieve convergence from 1.8061482127437099e+01 to 1.8061482127437205e+01 seconds.
Warning: Simulation tolerance relaxed to achieve convergence from 1.8061482127437205e+01 to 1.8061482127437312e+01 seconds.
Warning: Simulation tolerance relaxed to achieve convergence from 1.8061482127437312e+01 to 1.8061482127437419e+01 seconds.
Warning: Simulation tolerance relaxed to achieve convergence from 1.8061482127437419e+01 to 1.8061482127437525e+01 seconds.
Warning: Simulation tolerance relaxed to achieve convergence from 1.8061482127437525e+01 to 1.8061482127437632e+01 seconds.
Warning: Simulation tolerance relaxed to achieve convergence from 1.8061482127437632e+01 to 1.8061482127437738e+01 seconds.
Warning: Simulation tolerance relaxed to achieve convergence from 1.8061482127437738e+01 to 1.8061482127437845e+01 seconds.
Warning: Simulation tolerance relaxed to achieve convergence from 1.8061482127437845e+01 to 1.8061482127437952e+01 seconds.
Warning: Simulation tolerance relaxed to achieve convergence from 1.8061482127437952e+01 to 1.8061482127438058e+01 seconds.
Warning: Simulation tolerance relaxed to achieve convergence from 1.8061482127438058e+01 to 1.8061482127438165e+01 seconds.
Warning: Simulation tolerance relaxed to achieve convergence from 1.8061482127438165e+01 to 1.8061482127438271e+01 seconds.
Warning: Simulation tolerance relaxed to achieve convergence from 1.8061482127438271e+01 to 1.8061482127438378e+01 seconds.
Warning: Simulation tolerance relaxed to achieve convergence from 1.8061482127438378e+01 to 1.8061482127438484e+01 seconds.
Warning: Simulation tolerance relaxed to achieve convergence from 1.8061482127438484e+01 to 1.8061482127438591e+01 seconds.
Warning: Simulation tolerance relaxed to achieve convergence from 1.8061482127438591e+01 to 1.8061482127438698e+01 seconds.
Warning: Simulation tolerance relaxed to achieve convergence from 1.8061482127438698e+01 to 1.8061482127438804e+01 seconds.
Warning: Simulation tolerance relaxed to achieve convergence from 1.8061482127438804e+01 to 1.8061482127438911e+01 seconds.
Warning: Simulation tolerance relaxed to achieve convergence from 1.8061482127438911e+01 to 1.8061482127439017e+01 seconds.
Warning: Simulation tolerance relaxed to achieve convergence from 1.8061482127439017e+01 to 1.8061482127439124e+01 seconds.
Warning: Simulation tolerance relaxed to achieve convergence from 1.8061482127439124e+01 to 1.8061482127439231e+01 seconds.
Warning: Simulation tolerance relaxed to achieve convergence from 1.8061482127439231e+01 to 1.8061482127439337e+01 seconds.
Warning: Simulation tolerance relaxed to achieve convergence from 1.8061482127439337e+01 to 1.8061482127439444e+01 seconds.
Warning: Simulation tolerance relaxed to achieve convergence from 1.8061482127439444e+01 to 1.8061482127439657e+01 seconds.
Warning: Simulation tolerance relaxed to achieve convergence from 1.8061482127439657e+01 to 1.8061482127439763e+01 seconds.
Warning: Simulation tolerance relaxed to achieve convergence from 1.8061482127439763e+01 to 1.8061482127439870e+01 seconds.
Warning: Simulation tolerance relaxed to achieve convergence from 1.8061482127439870e+01 to 1.8061482127439977e+01 seconds.
Warning: Simulation tolerance relaxed to achieve convergence from 1.8061482127439977e+01 to 1.8061482127440083e+01 seconds.
Warning: Simulation tolerance relaxed to achieve convergence from 1.8061482127440083e+01 to 1.8061482127440190e+01 seconds.
Warning: Simulation tolerance relaxed to achieve convergence from 1.8061482127440190e+01 to 1.8061482127440296e+01 seconds.
Warning: Simulation tolerance relaxed to achieve convergence from 1.8061482127440296e+01 to 1.8061482127440403e+01 seconds.
Warning: Simulation tolerance relaxed to achieve convergence from 1.8061482127440403e+01 to 1.8061482127440616e+01 seconds.
Warning: Simulation tolerance relaxed to achieve convergence from 1.8061482127440616e+01 to 1.8061482127440723e+01 seconds.
Warning: Simulation tolerance relaxed to achieve convergence from 1.8061482127440723e+01 to 1.8061482127440829e+01 seconds.
Warning: Simulation tolerance relaxed to achieve convergence from 1.8061482127440829e+01 to 1.8061482127440936e+01 seconds.
Warning: Simulation tolerance relaxed to achieve convergence from 1.8061482127440936e+01 to 1.8061482127441042e+01 seconds.
Warning: Simulation tolerance relaxed to achieve convergence from 1.8061482127441042e+01 to 1.8061482127441149e+01 seconds.
Warning: Simulation tolerance relaxed to achieve convergence from 1.8061482127441149e+01 to 1.8061482127441256e+01 seconds.
Warning: Simulation tolerance relaxed to achieve convergence from 1.8061482127441256e+01 to 1.8061482127441362e+01 seconds.
Warning: Simulation tolerance relaxed to achieve convergence from 1.8061482127441362e+01 to 1.8061482127441469e+01 seconds.
Warning: Simulation tolerance relaxed to achieve convergence from 1.8061482127441469e+01 to 1.8061482127441575e+01 seconds.
Warning: Simulation tolerance relaxed to achieve convergence from 1.8061482127441575e+01 to 1.8061482127441682e+01 seconds.
Warning: Simulation tolerance relaxed to achieve convergence from 1.8061482127441682e+01 to 1.8061482127441788e+01 seconds.
Warning: Simulation tolerance relaxed to achieve convergence from 1.8061482127441788e+01 to 1.8061482127441895e+01 seconds.
Warning: Simulation tolerance relaxed to achieve convergence from 1.8061482127441895e+01 to 1.8061482127442002e+01 seconds.
Warning: Simulation tolerance relaxed to achieve convergence from 1.8061482127442002e+01 to 1.8061482127442108e+01 seconds.
Warning: Simulation tolerance relaxed to achieve convergence from 1.8061482127442108e+01 to 1.8061482127442215e+01 seconds.
Warning: Simulation tolerance relaxed to achieve convergence from 1.8061482127442215e+01 to 1.8061482127442321e+01 seconds.
Warning: Simulation tolerance relaxed to achieve convergence from 1.8061482127442321e+01 to 1.8061482127442428e+01 seconds.
Warning: Simulation tolerance relaxed to achieve convergence from 1.8061482127442428e+01 to 1.8061482127442535e+01 seconds.
Warning: Simulation tolerance relaxed to achieve convergence from 1.8061482127442535e+01 to 1.8061482127442641e+01 seconds.
Warning: Simulation tolerance relaxed to achieve convergence from 1.8061482127442641e+01 to 1.8061482127442748e+01 seconds.
Warning: Simulation tolerance relaxed to achieve convergence from 1.8061482127442748e+01 to 1.8061482127442854e+01 seconds.
Warning: Simulation tolerance relaxed to achieve convergence from 1.8061482127442854e+01 to 1.8061482127442961e+01 seconds.
Warning: Simulation tolerance relaxed to achieve convergence from 1.8061482127442961e+01 to 1.8061482127443067e+01 seconds.
Warning: Simulation tolerance relaxed to achieve convergence from 1.8061482127443067e+01 to 1.8061482127443174e+01 seconds.
Warning: Simulation tolerance relaxed to achieve convergence from 1.8061482127443174e+01 to 1.8061482127443281e+01 seconds.
Warning: Simulation tolerance relaxed to achieve convergence from 1.8061482127443281e+01 to 1.8061482127443387e+01 seconds.
Warning: Simulation tolerance relaxed to achieve convergence from 1.8061482127443387e+01 to 1.8061482127443494e+01 seconds.
Warning: Simulation tolerance relaxed to achieve convergence from 1.8061482127443494e+01 to 1.8061482127443600e+01 seconds.
Warning: Simulation tolerance relaxed to achieve convergence from 1.8061482127443600e+01 to 1.8061482127443707e+01 seconds.
Warning: Simulation tolerance relaxed to achieve convergence from 1.8061482127443707e+01 to 1.8061482127443814e+01 seconds.
Warning: Simulation tolerance relaxed to achieve convergence from 1.8061482127443814e+01 to 1.8061482127443920e+01 seconds.
Warning: Simulation tolerance relaxed to achieve convergence from 1.8061482127443920e+01 to 1.8061482127444027e+01 seconds.
Warning: Simulation tolerance relaxed to achieve convergence from 1.8061482127444027e+01 to 1.8061482127444133e+01 seconds.
Warning: Simulation tolerance relaxed to achieve convergence from 1.8061482127444133e+01 to 1.8061482127444240e+01 seconds.
Warning: Simulation tolerance relaxed to achieve convergence from 1.8061482127444240e+01 to 1.8061482127444346e+01 seconds.
Warning: Simulation tolerance relaxed to achieve convergence from 1.8061482127444346e+01 to 1.8061482127444453e+01 seconds.
Warning: Simulation tolerance relaxed to achieve convergence from 1.8061482127444453e+01 to 1.8061482127444560e+01 seconds.
Warning: Simulation tolerance relaxed to achieve convergence from 1.8061482127444560e+01 to 1.8061482127444666e+01 seconds.
Warning: Simulation tolerance relaxed to achieve convergence from 1.8061482127444666e+01 to 1.8061482127444773e+01 seconds.
Warning: Simulation tolerance relaxed to achieve convergence from 1.8061482127444773e+01 to 1.8061482127444879e+01 seconds.
Warning: Simulation tolerance relaxed to achieve convergence from 1.8061482127444879e+01 to 1.8061482127444986e+01 seconds.
Warning: Simulation tolerance relaxed to achieve convergence from 1.8061482127444986e+01 to 1.8061482127445093e+01 seconds.
Warning: Simulation tolerance relaxed to achieve convergence from 1.8061482127445093e+01 to 1.8061482127445199e+01 seconds.
Warning: Simulation tolerance relaxed to achieve convergence from 1.8061482127445199e+01 to 1.8061482127445306e+01 seconds.
Warning: Simulation tolerance relaxed to achieve convergence from 1.8061482127445306e+01 to 1.8061482127445412e+01 seconds.
Warning: Simulation tolerance relaxed to achieve convergence from 1.8061482127445412e+01 to 1.8061482127445519e+01 seconds.
Warning: Simulation tolerance relaxed to achieve convergence from 1.8061482127445519e+01 to 1.8061482127445625e+01 seconds.
Warning: Simulation tolerance relaxed to achieve convergence from 1.8061482127445625e+01 to 1.8061482127445732e+01 seconds.
Warning: Simulation tolerance relaxed to achieve convergence from 1.8061482127445732e+01 to 1.8061482127445839e+01 seconds.
Warning: Simulation tolerance relaxed to achieve convergence from 1.8061482127445839e+01 to 1.8061482127445945e+01 seconds.
Warning: Simulation tolerance relaxed to achieve convergence from 1.8061482127445945e+01 to 1.8061482127446052e+01 seconds.
Warning: Simulation tolerance relaxed to achieve convergence from 1.8061482127446052e+01 to 1.8061482127446158e+01 seconds.
Warning: Simulation tolerance relaxed to achieve convergence from 1.8061482127446158e+01 to 1.8061482127446265e+01 seconds.
Warning: Simulation tolerance relaxed to achieve convergence from 1.8061482127446265e+01 to 1.8061482127446371e+01 seconds.
Warning: Simulation tolerance relaxed to achieve convergence from 1.8061482127446371e+01 to 1.8061482127446478e+01 seconds.
Warning: Simulation tolerance relaxed to achieve convergence from 1.8061482127446478e+01 to 1.8061482127446585e+01 seconds.
Warning: Simulation tolerance relaxed to achieve convergence from 1.8061482127446585e+01 to 1.8061482127446691e+01 seconds.
Warning: Simulation tolerance relaxed to achieve convergence from 1.8061482127446691e+01 to 1.8061482127446798e+01 seconds.
Warning: Simulation tolerance relaxed to achieve convergence from 1.8061482127446798e+01 to 1.8061482127446904e+01 seconds.
Warning: Simulation tolerance relaxed to achieve convergence from 1.8061482127446904e+01 to 1.8061482127447011e+01 seconds.
Warning: Simulation tolerance relaxed to achieve convergence from 1.8061482127447011e+01 to 1.8061482127447118e+01 seconds.
Warning: Simulation tolerance relaxed to achieve convergence from 1.8061482127447118e+01 to 1.8061482127447224e+01 seconds.
Warning: Simulation tolerance relaxed to achieve convergence from 1.8061482127447224e+01 to 1.8061482127447331e+01 seconds.
Warning: Simulation tolerance relaxed to achieve convergence from 1.8061482127447331e+01 to 1.8061482127447437e+01 seconds.
Warning: Simulation tolerance relaxed to achieve convergence from 1.8061482127447437e+01 to 1.8061482127447544e+01 seconds.
Warning: Simulation tolerance relaxed to achieve convergence from 1.8061482127447544e+01 to 1.8061482127447650e+01 seconds.
Warning: Simulation tolerance relaxed to achieve convergence from 1.8061482127447650e+01 to 1.8061482127447757e+01 seconds.
Warning: Simulation tolerance relaxed to achieve convergence from 1.8061482127447757e+01 to 1.8061482127447864e+01 seconds.
Warning: Simulation tolerance relaxed to achieve convergence from 1.8061482127447864e+01 to 1.8061482127447970e+01 seconds.
Warning: Simulation tolerance relaxed to achieve convergence from 1.8061482127447970e+01 to 1.8061482127448077e+01 seconds.
Warning: Simulation tolerance relaxed to achieve convergence from 1.8061482127448077e+01 to 1.8061482127448183e+01 seconds.
Warning: Simulation tolerance relaxed to achieve convergence from 1.8061482127448183e+01 to 1.8061482127448290e+01 seconds.
Warning: Simulation tolerance relaxed to achieve convergence from 1.8061482127448290e+01 to 1.8061482127448397e+01 seconds.
Warning: Simulation tolerance relaxed to achieve convergence from 1.8061482127448397e+01 to 1.8061482127448503e+01 seconds.
Warning: Simulation tolerance relaxed to achieve convergence from 1.8061482127448503e+01 to 1.8061482127448610e+01 seconds.
Warning: Simulation tolerance relaxed to achieve convergence from 1.8061482127448610e+01 to 1.8061482127448716e+01 seconds.
Warning: Simulation tolerance relaxed to achieve convergence from 1.8061482127448716e+01 to 1.8061482127448823e+01 seconds.
Warning: Simulation tolerance relaxed to achieve convergence from 1.8061482127448823e+01 to 1.8061482127448929e+01 seconds.
Warning: Simulation tolerance relaxed to achieve convergence from 1.8061482127448929e+01 to 1.8061482127449036e+01 seconds.
Warning: Simulation tolerance relaxed to achieve convergence from 1.8061482127449036e+01 to 1.8061482127449143e+01 seconds.
Warning: Simulation tolerance relaxed to achieve convergence from 1.8061482127449143e+01 to 1.8061482127449249e+01 seconds.
Warning: Simulation tolerance relaxed to achieve convergence from 1.8061482127449249e+01 to 1.8061482127449356e+01 seconds.
Warning: Simulation tolerance relaxed to achieve convergence from 1.8061482127449356e+01 to 1.8061482127449462e+01 seconds.
Warning: Simulation tolerance relaxed to achieve convergence from 1.8061482127449462e+01 to 1.8061482127449569e+01 seconds.
Warning: Simulation tolerance relaxed to achieve convergence from 1.8061482127449569e+01 to 1.8061482127449676e+01 seconds.
Warning: Simulation tolerance relaxed to achieve convergence from 1.8061482127449676e+01 to 1.8061482127449782e+01 seconds.
Warning: Simulation tolerance relaxed to achieve convergence from 1.8061482127449782e+01 to 1.8061482127449889e+01 seconds.
Warning: Simulation tolerance relaxed to achieve convergence from 1.8061482127449889e+01 to 1.8061482127449995e+01 seconds.
Warning: Simulation tolerance relaxed to achieve convergence from 1.8061482127449995e+01 to 1.8061482127450102e+01 seconds.
Warning: Simulation tolerance relaxed to achieve convergence from 1.8061482127450102e+01 to 1.8061482127450208e+01 seconds.
Warning: Simulation tolerance relaxed to achieve convergence from 1.8061482127450208e+01 to 1.8061482127450315e+01 seconds.
Warning: Simulation tolerance relaxed to achieve convergence from 1.8061482127450315e+01 to 1.8061482127450422e+01 seconds.
Warning: Simulation tolerance relaxed to achieve convergence from 1.8061482127450422e+01 to 1.8061482127450528e+01 seconds.
Warning: Simulation tolerance relaxed to achieve convergence from 1.8061482127450528e+01 to 1.8061482127450635e+01 seconds.
Warning: Simulation tolerance relaxed to achieve convergence from 1.8061482127450635e+01 to 1.8061482127450741e+01 seconds.
Warning: Simulation tolerance relaxed to achieve convergence from 1.8061482127450741e+01 to 1.8061482127450848e+01 seconds.
Warning: Simulation tolerance relaxed to achieve convergence from 1.8061482127450848e+01 to 1.8061482127450954e+01 seconds.
Warning: Simulation tolerance relaxed to achieve convergence from 1.8061482127450954e+01 to 1.8061482127451061e+01 seconds.
Warning: Simulation tolerance relaxed to achieve convergence from 1.8061482127451061e+01 to 1.8061482127451168e+01 seconds.
Warning: Simulation tolerance relaxed to achieve convergence from 1.8061482127451168e+01 to 1.8061482127451274e+01 seconds.
Warning: Simulation tolerance relaxed to achieve convergence from 1.8061482127451274e+01 to 1.8061482127451381e+01 seconds.
Warning: Simulation tolerance relaxed to achieve convergence from 1.8061482127451381e+01 to 1.8061482127451487e+01 seconds.
Warning: Simulation tolerance relaxed to achieve convergence from 1.8061482127451487e+01 to 1.8061482127451594e+01 seconds.
Warning: Simulation tolerance relaxed to achieve convergence from 1.8061482127451594e+01 to 1.8061482127451701e+01 seconds.
Warning: Simulation tolerance relaxed to achieve convergence from 1.8061482127451701e+01 to 1.8061482127451807e+01 seconds.
Warning: Simulation tolerance relaxed to achieve convergence from 1.8061482127451807e+01 to 1.8061482127451914e+01 seconds.
Warning: Simulation tolerance relaxed to achieve convergence from 1.8061482127451914e+01 to 1.8061482127452020e+01 seconds.
Warning: Simulation tolerance relaxed to achieve convergence from 1.8061482127452020e+01 to 1.8061482127452127e+01 seconds.
Warning: Simulation tolerance relaxed to achieve convergence from 1.8061482127452127e+01 to 1.8061482127452233e+01 seconds.
Warning: Simulation tolerance relaxed to achieve convergence from 1.8061482127452233e+01 to 1.8061482127452340e+01 seconds.
Warning: Simulation tolerance relaxed to achieve convergence from 1.8061482127452340e+01 to 1.8061482127452447e+01 seconds.
Warning: Simulation tolerance relaxed to achieve convergence from 1.8061482127452447e+01 to 1.8061482127452553e+01 seconds.
Warning: Simulation tolerance relaxed to achieve convergence from 1.8061482127452553e+01 to 1.8061482127452660e+01 seconds.
Warning: Simulation tolerance relaxed to achieve convergence from 1.8061482127452660e+01 to 1.8061482127452766e+01 seconds.
Warning: Simulation tolerance relaxed to achieve convergence from 1.8061482127452766e+01 to 1.8061482127452873e+01 seconds.
Warning: Simulation tolerance relaxed to achieve convergence from 1.8061482127452873e+01 to 1.8061482127452980e+01 seconds.
Warning: Simulation tolerance relaxed to achieve convergence from 1.8061482127452980e+01 to 1.8061482127453086e+01 seconds.
Warning: Simulation tolerance relaxed to achieve convergence from 1.8061482127453086e+01 to 1.8061482127453193e+01 seconds.
Warning: Simulation tolerance relaxed to achieve convergence from 1.8061482127453193e+01 to 1.8061482127453299e+01 seconds.
Warning: Simulation tolerance relaxed to achieve convergence from 1.8061482127453299e+01 to 1.8061482127453406e+01 seconds.
Warning: Simulation tolerance relaxed to achieve convergence from 1.8061482127453406e+01 to 1.8061482127453512e+01 seconds.
Warning: Simulation tolerance relaxed to achieve convergence from 1.8061482127453512e+01 to 1.8061482127453619e+01 seconds.
Warning: Simulation tolerance relaxed to achieve convergence from 1.8061482127453619e+01 to 1.8061482127453726e+01 seconds.
Warning: Simulation tolerance relaxed to achieve convergence from 1.8061482127453726e+01 to 1.8061482127453832e+01 seconds.
Warning: Simulation tolerance relaxed to achieve convergence from 1.8061482127453832e+01 to 1.8061482127453939e+01 seconds.
Warning: Simulation tolerance relaxed to achieve convergence from 1.8061482127453939e+01 to 1.8061482127454045e+01 seconds.
Warning: Simulation tolerance relaxed to achieve convergence from 1.8061482127454045e+01 to 1.8061482127454152e+01 seconds.
Warning: Simulation tolerance relaxed to achieve convergence from 1.8061482127454152e+01 to 1.8061482127454259e+01 seconds.
Warning: Simulation tolerance relaxed to achieve convergence from 1.8061482127454259e+01 to 1.8061482127454365e+01 seconds.
Warning: Simulation tolerance relaxed to achieve convergence from 1.8061482127454365e+01 to 1.8061482127454472e+01 seconds.
Warning: Simulation tolerance relaxed to achieve convergence from 1.8061482127454472e+01 to 1.8061482127454578e+01 seconds.
Warning: Simulation tolerance relaxed to achieve convergence from 1.8061482127454578e+01 to 1.8061482127454685e+01 seconds.
Warning: Simulation tolerance relaxed to achieve convergence from 1.8061482127454685e+01 to 1.8061482127454791e+01 seconds.
Warning: Simulation tolerance relaxed to achieve convergence from 1.8061482127454791e+01 to 1.8061482127454898e+01 seconds.
Warning: Simulation tolerance relaxed to achieve convergence from 1.8061482127454898e+01 to 1.8061482127455005e+01 seconds.
Warning: Simulation tolerance relaxed to achieve convergence from 1.8061482127455005e+01 to 1.8061482127455111e+01 seconds.
Warning: Simulation tolerance relaxed to achieve convergence from 1.8061482127455111e+01 to 1.8061482127455218e+01 seconds.
Warning: Simulation tolerance relaxed to achieve convergence from 1.8061482127455218e+01 to 1.8061482127455324e+01 seconds.
Warning: Simulation tolerance relaxed to achieve convergence from 1.8061482127455324e+01 to 1.8061482127455431e+01 seconds.
Warning: Simulation tolerance relaxed to achieve convergence from 1.8061482127455431e+01 to 1.8061482127455537e+01 seconds.
Warning: Simulation tolerance relaxed to achieve convergence from 1.8061482127455537e+01 to 1.8061482127455644e+01 seconds.
Warning: Simulation tolerance relaxed to achieve convergence from 1.8061482127455644e+01 
Convergence Failure:  Time step too small; time = 18.0615, timestep = 1.34144e-14: trouble with instance "m6:M2"

Simulation Failed: Iteration limit reached

Total elapsed time: 81.124 seconds.

Files loaded:
C:\Users\USER\Documents\GitHub\Smoke_Detector_Perceptrons\Assembly_final.net
C:\Users\USER\AppData\Local\LTspice\lib\cmp\standard.dio
C:\Users\USER\AppData\Local\LTspice\lib\cmp\standard.bjt
C:\Users\USER\Documents\GitHub\Smoke_Detector_Perceptrons\AO3400.mod
C:\Users\USER\Documents\GitHub\Smoke_Detector_Perceptrons\tlv9062.lib
C:\Users\USER\Documents\GitHub\Smoke_Detector_Perceptrons\si2301cds_ps Rev B.lib
C:\Users\USER\Documents\GitHub\Smoke_Detector_Perceptrons\tlv7031.lib
C:\Users\USER\Documents\GitHub\Smoke_Detector_Perceptrons\AO3401A.mod
C:\Users\USER\Documents\GitHub\Smoke_Detector_Perceptrons\74hc_lib.lib
C:\Users\USER\AppData\Local\LTspice\lib\sub\LT1763.lib
C:\Users\USER\AppData\Local\LTspice\lib\sub\LTC5.lib
C:\Users\USER\AppData\Local\LTspice\lib\sub\NE555.sub
C:\Users\USER\AppData\Local\LTspice\lib\sub\TLV431.sub

