LTspice 26.0.1 for Windows
Circuit: C:\Users\USER\Documents\GitHub\Smoke_Detector_Perceptrons\Assembly_after_bb.net
Start Time: Sat Sep 12 17:55:50 2026
C:\Users\USER\Documents\GitHub\Smoke_Detector_Perceptrons\Assembly_after_bb.net(46): This pin name equals one of the port names of the sub-circuit, but at a different position. This is not a problem, but note that as a result none of the pin names may be used by any .meas expressions.
X§U9 N019 N041 0 T2N7002AK_G0_00 ;§pnba 3)1)2
                                        ^
solver = Normal
Maximum thread count: 12
tnom = 27
temp = 27
method = trap
C9: Increased Cpar to 1e-13
C7: Increased Cpar to 1e-17
C2: Increased Cpar to 1e-13
C3: Increased Cpar to 1e-13
C4: Increased Cpar to 1e-12
C5: Increased Cpar to 1e-13
C6: Increased Cpar to 1e-13
C8: Increased Cpar to 1e-13
C13: Increased Cpar to 1e-13
C15: Increased Cpar to 1e-13
Instance "m1:M2": Length shorter than recommended for a level 3 MOSFET.
Instance "m2:M2": Length shorter than recommended for a level 3 MOSFET.
Instance "m3:M2": Length shorter than recommended for a level 3 MOSFET.
Instance "m4:M2": Length shorter than recommended for a level 3 MOSFET.
Instance "m5:M2": Length shorter than recommended for a level 3 MOSFET.
Direct Newton iteration failed to find operating point.
Starting Gmin stepping
Gmin stepping succeeded in finding the operating point.

Total elapsed time: 40.527 seconds.

Files loaded:
C:\Users\USER\Documents\GitHub\Smoke_Detector_Perceptrons\Assembly_after_bb.net
C:\Users\USER\AppData\Local\LTspice\lib\cmp\standard.dio
C:\Users\USER\Documents\GitHub\Smoke_Detector_Perceptrons\AO3400.mod
C:\Users\USER\Documents\GitHub\Smoke_Detector_Perceptrons\AO3401A.mod
C:\Users\USER\Documents\GitHub\Smoke_Detector_Perceptrons\tlv9062.lib
C:\Users\USER\Documents\GitHub\Smoke_Detector_Perceptrons\74hc_lib.lib
C:\Users\USER\AppData\Local\LTspice\lib\sub\Contrib\Toshiba\LVMOS\T2N7002AK_G0_00_enc.lib
C:\Users\USER\AppData\Local\LTspice\lib\sub\LTC5.lib
C:\Users\USER\AppData\Local\LTspice\lib\sub\NE555.sub

