LTspice 26.0.1 for Windows
Circuit: C:\Users\USER\Documents\GitHub\Smoke_Detector_Perceptrons\oscillator_new.net
Start Time: Sat Sep 12 17:26:20 2026
solver = Normal
Maximum thread count: 12
tnom = 27
temp = 27
method = trap
C1: Increased Cpar to 1e-11
C2: Increased Cpar to 1e-13
C3: Increased Cpar to 1e-13
C4: Increased Cpar to 1e-12
C5: Increased Cpar to 1e-13
C6: Increased Cpar to 1e-13
Direct Newton iteration succeeded in finding operating point.
Total elapsed time: 4.660 seconds.

Files loaded:
C:\Users\USER\Documents\GitHub\Smoke_Detector_Perceptrons\oscillator_new.net
C:\Users\USER\AppData\Local\LTspice\lib\cmp\standard.dio
C:\Users\USER\Documents\GitHub\Smoke_Detector_Perceptrons\AO3400.mod
C:\Users\USER\Documents\GitHub\Smoke_Detector_Perceptrons\AO3401A.mod
C:\Users\USER\AppData\Local\LTspice\lib\sub\NE555.sub

