LTspice 26.0.2 for Windows
Circuit: D:\Study\ENTC\0 Tronic Projects\Sem 03\Analog\Powersupply\PowerMux.net
Start Time: Sun Aug 23 00:19:01 2026
solver = Normal
Maximum thread count: 16
tnom = 27
temp = 27
method = trap
Model "pmos": Oxide thickness thinner than recommended for a level 3 MOSFET.
Model "nmos": Oxide thickness thinner than recommended for a level 3 MOSFET.
Instance "m1:M1": Length shorter than recommended for a level 3 MOSFET.
Instance "m1:M2": Length shorter than recommended for a level 3 MOSFET.
Direct Newton iteration failed to find operating point.
Starting Gmin stepping
Gmin stepping succeeded in finding the operating point.

Total elapsed time: 0.786 seconds.

Files loaded:
D:\Study\ENTC\0 Tronic Projects\Sem 03\Analog\Powersupply\PowerMux.net
C:\Users\shars\AppData\Local\LTspice\lib\cmp\standard.dio
C:\Users\shars\AppData\Local\LTspice\lib\cmp\standard.bjt
D:\Study\ENTC\0 Tronic Projects\Sem 03\Analog\Powersupply\si2301cds_ps Rev B.lib
D:\Study\ENTC\0 Tronic Projects\Sem 03\Analog\Powersupply\tlv7031.lib
C:\Users\shars\AppData\Local\LTspice\lib\sub\LT1763.lib
C:\Users\shars\AppData\Local\LTspice\lib\sub\TLV431.sub

