LTspice 26.0.1 for Windows
Circuit: C:\Users\USER\Documents\GitHub\Smoke_Detector_Perceptrons\PowerMux_V2\PowerMux_CC.net
Start Time: Sat Sep 12 18:01:53 2026
Options:reltol=0.01
solver = Normal
Maximum thread count: 12
tnom = 27
temp = 27
method = trap
reltol = 0.01
C1: Increased Cpar to 4.7e-10
C2: Increased Cpar to 4.7e-11
C3: Increased Cpar to 2.2e-13
Direct Newton iteration failed to find operating point.
Starting Gmin stepping
Gmin stepping succeeded in finding the operating point.

Total elapsed time: 0.652 seconds.

Files loaded:
C:\Users\USER\Documents\GitHub\Smoke_Detector_Perceptrons\PowerMux_V2\PowerMux_CC.net
C:\Users\USER\AppData\Local\LTspice\lib\cmp\standard.dio
C:\Users\USER\AppData\Local\LTspice\lib\cmp\standard.bjt
C:\Users\USER\Documents\GitHub\Smoke_Detector_Perceptrons\si2301cds_ps Rev B.lib
C:\Users\USER\Documents\GitHub\Smoke_Detector_Perceptrons\tlv9062.lib
C:\Users\USER\Documents\GitHub\Smoke_Detector_Perceptrons\PowerMux_V2\IRF4905.spi
C:\Users\USER\AppData\Local\LTspice\lib\sub\LT1763.lib

